Archive member included because of file (symbol)

c:/program files (x86)/atmel/atmel toolchain/avr32 gcc/native/3.4.1057/avr32-gnu-toolchain/bin/../lib/gcc/avr32/4.4.7/ucr3\libgcc.a(_avr32_f64_mul.o)
                              src/main.o (__avr32_f64_mul)
c:/program files (x86)/atmel/atmel toolchain/avr32 gcc/native/3.4.1057/avr32-gnu-toolchain/bin/../lib/gcc/avr32/4.4.7/ucr3\libgcc.a(_avr32_s32_to_f64.o)
                              src/main.o (__avr32_s32_to_f64)
c:/program files (x86)/atmel/atmel toolchain/avr32 gcc/native/3.4.1057/avr32-gnu-toolchain/bin/../lib/gcc/avr32/4.4.7/ucr3\libgcc.a(_avr32_f32_to_f64.o)
                              src/main.o (__avr32_f32_to_f64)
c:/program files (x86)/atmel/atmel toolchain/avr32 gcc/native/3.4.1057/avr32-gnu-toolchain/bin/../lib/gcc/avr32/4.4.7/ucr3\libgcc.a(_avr32_f64_to_f32.o)
                              src/main.o (__avr32_f64_to_f32)
c:/program files (x86)/atmel/atmel toolchain/avr32 gcc/native/3.4.1057/avr32-gnu-toolchain/bin/../lib/gcc/avr32/4.4.7/../../../../avr32/lib/ucr3\libc.a(lib_a-memcpy.o)
                              src/main.o (memcpy)
c:/program files (x86)/atmel/atmel toolchain/avr32 gcc/native/3.4.1057/avr32-gnu-toolchain/bin/../lib/gcc/avr32/4.4.7/../../../../avr32/lib/ucr3\libc.a(lib_a-rand.o)
                              src/ASF/common/components/at86rf212.o (srand)
c:/program files (x86)/atmel/atmel toolchain/avr32 gcc/native/3.4.1057/avr32-gnu-toolchain/bin/../lib/gcc/avr32/4.4.7/../../../../avr32/lib/ucr3\libc.a(lib_a-sprintf.o)
                              src/main.o (sprintf)
c:/program files (x86)/atmel/atmel toolchain/avr32 gcc/native/3.4.1057/avr32-gnu-toolchain/bin/../lib/gcc/avr32/4.4.7/../../../../avr32/lib/ucr3\libc.a(lib_a-vfprintf.o)
                              c:/program files (x86)/atmel/atmel toolchain/avr32 gcc/native/3.4.1057/avr32-gnu-toolchain/bin/../lib/gcc/avr32/4.4.7/../../../../avr32/lib/ucr3\libc.a(lib_a-sprintf.o) (_vfprintf_r)
c:/program files (x86)/atmel/atmel toolchain/avr32 gcc/native/3.4.1057/avr32-gnu-toolchain/bin/../lib/gcc/avr32/4.4.7/../../../../avr32/lib/ucr3\libc.a(lib_a-wsetup.o)
                              c:/program files (x86)/atmel/atmel toolchain/avr32 gcc/native/3.4.1057/avr32-gnu-toolchain/bin/../lib/gcc/avr32/4.4.7/../../../../avr32/lib/ucr3\libc.a(lib_a-vfprintf.o) (__swsetup_r)
c:/program files (x86)/atmel/atmel toolchain/avr32 gcc/native/3.4.1057/avr32-gnu-toolchain/bin/../lib/gcc/avr32/4.4.7/../../../../avr32/lib/ucr3\libc.a(lib_a-dtoa.o)
                              c:/program files (x86)/atmel/atmel toolchain/avr32 gcc/native/3.4.1057/avr32-gnu-toolchain/bin/../lib/gcc/avr32/4.4.7/../../../../avr32/lib/ucr3\libc.a(lib_a-vfprintf.o) (_dtoa_r)
c:/program files (x86)/atmel/atmel toolchain/avr32 gcc/native/3.4.1057/avr32-gnu-toolchain/bin/../lib/gcc/avr32/4.4.7/../../../../avr32/lib/ucr3\libc.a(lib_a-fflush.o)
                              c:/program files (x86)/atmel/atmel toolchain/avr32 gcc/native/3.4.1057/avr32-gnu-toolchain/bin/../lib/gcc/avr32/4.4.7/../../../../avr32/lib/ucr3\libc.a(lib_a-vfprintf.o) (_fflush_r)
c:/program files (x86)/atmel/atmel toolchain/avr32 gcc/native/3.4.1057/avr32-gnu-toolchain/bin/../lib/gcc/avr32/4.4.7/../../../../avr32/lib/ucr3\libc.a(lib_a-findfp.o)
                              c:/program files (x86)/atmel/atmel toolchain/avr32 gcc/native/3.4.1057/avr32-gnu-toolchain/bin/../lib/gcc/avr32/4.4.7/../../../../avr32/lib/ucr3\libc.a(lib_a-vfprintf.o) (__sinit)
c:/program files (x86)/atmel/atmel toolchain/avr32 gcc/native/3.4.1057/avr32-gnu-toolchain/bin/../lib/gcc/avr32/4.4.7/../../../../avr32/lib/ucr3\libc.a(lib_a-freer.o)
                              c:/program files (x86)/atmel/atmel toolchain/avr32 gcc/native/3.4.1057/avr32-gnu-toolchain/bin/../lib/gcc/avr32/4.4.7/../../../../avr32/lib/ucr3\libc.a(lib_a-wsetup.o) (_free_r)
c:/program files (x86)/atmel/atmel toolchain/avr32 gcc/native/3.4.1057/avr32-gnu-toolchain/bin/../lib/gcc/avr32/4.4.7/../../../../avr32/lib/ucr3\libc.a(lib_a-fvwrite.o)
                              c:/program files (x86)/atmel/atmel toolchain/avr32 gcc/native/3.4.1057/avr32-gnu-toolchain/bin/../lib/gcc/avr32/4.4.7/../../../../avr32/lib/ucr3\libc.a(lib_a-vfprintf.o) (__sfvwrite_r)
c:/program files (x86)/atmel/atmel toolchain/avr32 gcc/native/3.4.1057/avr32-gnu-toolchain/bin/../lib/gcc/avr32/4.4.7/../../../../avr32/lib/ucr3\libc.a(lib_a-fwalk.o)
                              c:/program files (x86)/atmel/atmel toolchain/avr32 gcc/native/3.4.1057/avr32-gnu-toolchain/bin/../lib/gcc/avr32/4.4.7/../../../../avr32/lib/ucr3\libc.a(lib_a-fflush.o) (_fwalk_reent)
c:/program files (x86)/atmel/atmel toolchain/avr32 gcc/native/3.4.1057/avr32-gnu-toolchain/bin/../lib/gcc/avr32/4.4.7/../../../../avr32/lib/ucr3\libc.a(lib_a-impure.o)
                              c:/program files (x86)/atmel/atmel toolchain/avr32 gcc/native/3.4.1057/avr32-gnu-toolchain/bin/../lib/gcc/avr32/4.4.7/../../../../avr32/lib/ucr3\libc.a(lib_a-rand.o) (_impure_ptr)
[...]
Memory Configuration

Name             Origin             Length             Attributes
FLASH            0x80000000         0x00010000         axrl !w
INTRAM           0x00000004         0x00003ffc         axw !rl
USERPAGE_RESERVED 0x80800000         0x00000008         r
USERPAGE         0x80800008         0x000000f8
*default*        0x00000000         0xffffffff

Linker script and memory map

                0x00001000                _stack_size = 0x1000
LOAD src/ASF/avr32/drivers/twim/twim.o
LOAD src/ASF/avr32/boards/uc3_l0_xplained/init.o
LOAD src/ASF/avr32/boards/uc3_l0_xplained/led.o
LOAD src/ASF/avr32/drivers/eic/eic.o
LOAD src/ASF/avr32/drivers/flashcdw/flashcdw.o
LOAD src/ASF/avr32/drivers/gpio/gpio.o
LOAD src/ASF/avr32/drivers/intc/exception.o
LOAD src/ASF/avr32/drivers/intc/intc.o
LOAD src/ASF/avr32/drivers/spi/spi.o
LOAD src/ASF/avr32/drivers/tc/tc.o
LOAD src/ASF/avr32/drivers/usart/usart.o
LOAD src/ASF/avr32/utils/startup/startup_uc3.o
LOAD src/ASF/avr32/utils/startup/trampoline_uc3.o
LOAD src/ASF/common/components/at86rf212.o
LOAD src/ASF/common/components/at86rfx_driver.o
LOAD src/ASF/common/services/clock/uc3l/dfll.o
LOAD src/ASF/common/services/clock/uc3l/osc.o
LOAD src/ASF/common/services/clock/uc3l/sysclk.o
LOAD src/ASF/common/services/spi/uc3_spi/spi_master.o
LOAD src/ASF/common/services/spi/uc3_usart_spi/usart_spi.o
LOAD src/main.o
START GROUP
LOAD c:/program files (x86)/atmel/atmel toolchain/avr32 gcc/native/3.4.1057/avr32-gnu-toolchain/bin/../lib/gcc/avr32/4.4.7/../../../../avr32/lib/ucr3\libm.a
END GROUP
LOAD c:/program files (x86)/atmel/atmel toolchain/avr32 gcc/native/3.4.1057/avr32-gnu-toolchain/bin/../lib/gcc/avr32/4.4.7/ucr3\libgcc.a
LOAD c:/program files (x86)/atmel/atmel toolchain/avr32 gcc/native/3.4.1057/avr32-gnu-toolchain/bin/../lib/gcc/avr32/4.4.7/../../../../avr32/lib/ucr3\libc.a
LOAD c:/program files (x86)/atmel/atmel toolchain/avr32 gcc/native/3.4.1057/avr32-gnu-toolchain/bin/../lib/gcc/avr32/4.4.7/ucr3\libgcc.a
                0xffffffff                __max_heap_size__ = 0xffffffff
                [0xffffffff]                __heap_size__ = DEFINED (__heap_size__)?__heap_size__:__max_heap_size__
                [0x00001000]                __stack_size__ = DEFINED (__stack_size__)?__stack_size__:0x1000
                0x80000000                PROVIDE (__executable_start, 0x80000000)
                0x80000000                . = 0x80000000

.interp
 *(.interp)

.reset          0x80000000     0x2004
 *(.reset)
 .reset         0x80000000        0x0 src/ASF/avr32/utils/startup/startup_uc3.o
                0x80000000                _start
 .reset         0x80000000     0x2004 src/ASF/avr32/utils/startup/trampoline_uc3.o
                               0x2008 (size before relaxing)
                0x80000000                _trampoline

.hash
 *(.hash)

.dynsym
 *(.dynsym)

.dynstr
 *(.dynstr)

.gnu.version
 *(.gnu.version)

.gnu.version_d
 *(.gnu.version_d)

.gnu.version_r
 *(.gnu.version_r)

.rel.init
 *(.rel.init)

.rela.init
 *(.rela.init)

.rel.text
 *(.rel.text .rel.text.* .rel.gnu.linkonce.t.*)

.rela.text
 *(.rela.text .rela.text.* .rela.gnu.linkonce.t.*)

.rel.fini
 *(.rel.fini)

.rela.fini
 *(.rela.fini)

.rel.rodata
 *(.rel.rodata .rel.rodata.* .rel.gnu.linkonce.r.*)

.rela.rodata
 *(.rela.rodata .rela.rodata.* .rela.gnu.linkonce.r.*)

.rel.data.rel.ro
 *(.rel.data.rel.ro*)

.rela.data.rel.ro
 *(.rel.data.rel.ro*)

.rel.data
 *(.rel.data .rel.data.* .rel.gnu.linkonce.d.*)

.rela.data
 *(.rela.data .rela.data.* .rela.gnu.linkonce.d.*)

.rel.tdata
 *(.rel.tdata .rel.tdata.* .rel.gnu.linkonce.td.*)

.rela.tdata
 *(.rela.tdata .rela.tdata.* .rela.gnu.linkonce.td.*)

.rel.tbss
 *(.rel.tbss .rel.tbss.* .rel.gnu.linkonce.tb.*)

.rela.tbss
 *(.rela.tbss .rela.tbss.* .rela.gnu.linkonce.tb.*)

.rel.ctors
 *(.rel.ctors)

.rela.ctors
 *(.rela.ctors)

.rel.dtors
 *(.rel.dtors)

.rela.dtors
 *(.rela.dtors)

.rel.got
 *(.rel.got)

.rela.got       0x80002004        0x0
 *(.rela.got)
 .rela.got      0x80002004        0x0 src/ASF/avr32/drivers/flashcdw/flashcdw.o

.rel.bss
 *(.rel.bss .rel.bss.* .rel.gnu.linkonce.b.*)

.rela.bss
 *(.rela.bss .rela.bss.* .rela.gnu.linkonce.b.*)

.rel.plt
 *(.rel.plt)

.rela.plt
 *(.rela.plt)

.init
 *(.init)

.plt
 *(.plt)

.text           0x80002004     0x1814
 *(.text .stub .text.* .gnu.linkonce.t.*)
 .text.twim_master_interrupt_handler
                0x80002004       0xdc src/ASF/avr32/drivers/twim/twim.o
 .text.twim_set_speed
                0x800020e0       0x62 src/ASF/avr32/drivers/twim/twim.o
                0x800020e0                twim_set_speed
 *fill*         0x80002142        0x2 d703d703
 .text.twim_status
                0x80002144       0x10 src/ASF/avr32/drivers/twim/twim.o
                0x80002144                twim_status
 .text.twim_disable_interrupt
                0x80002154       0x14 src/ASF/avr32/drivers/twim/twim.o
                0x80002154                twim_disable_interrupt
 .text.twim_write
                0x80002168       0xac src/ASF/avr32/drivers/twim/twim.o
                0x80002168                twim_write
 .text.twim_probe
                0x80002214       0x1c src/ASF/avr32/drivers/twim/twim.o
                0x80002214                twim_probe
 .text.twim_master_init
                0x80002230       0xb8 src/ASF/avr32/drivers/twim/twim.o
                0x80002230                twim_master_init
 .text.eic_init
                0x800022e8       0xd0 src/ASF/avr32/drivers/eic/eic.o
                0x800022e8                eic_init
 .text.eic_enable_line
                0x800023b8        0xa src/ASF/avr32/drivers/eic/eic.o
                0x800023b8                eic_enable_line
 .text.eic_enable_interrupt_line
                0x800023c2        0xa src/ASF/avr32/drivers/eic/eic.o
                0x800023c2                eic_enable_interrupt_line
 .text.eic_clear_interrupt_line
                0x800023cc       0x1a src/ASF/avr32/drivers/eic/eic.o
                0x800023cc                eic_clear_interrupt_line
 *fill*         0x800023e6        0x2 d703d703
 .text.gpio_enable_module_pin
                0x800023e8       0x94 src/ASF/avr32/drivers/gpio/gpio.o
                0x800023e8                gpio_enable_module_pin
 .text.gpio_enable_module
                0x8000247c       0x30 src/ASF/avr32/drivers/gpio/gpio.o
                0x8000247c                gpio_enable_module
 .text.gpio_configure_pin
                0x800024ac       0xb8 src/ASF/avr32/drivers/gpio/gpio.o
                0x800024ac                gpio_configure_pin
 .text.gpio_set_pin_high
                0x80002564       0x16 src/ASF/avr32/drivers/gpio/gpio.o
                0x80002564                gpio_set_pin_high
 .text.gpio_set_pin_low
                0x8000257a       0x16 src/ASF/avr32/drivers/gpio/gpio.o
                0x8000257a                gpio_set_pin_low
 .text.gpio_toggle_pin
                0x80002590       0x16 src/ASF/avr32/drivers/gpio/gpio.o
                0x80002590                gpio_toggle_pin
 .text.gpio_configure_edge_detector
                0x800025a6       0x46 src/ASF/avr32/drivers/gpio/gpio.o
 .text.gpio_enable_pin_interrupt
                0x800025ec       0x30 src/ASF/avr32/drivers/gpio/gpio.o
                0x800025ec                gpio_enable_pin_interrupt
 .text.gpio_disable_pin_interrupt
                0x8000261c       0x16 src/ASF/avr32/drivers/gpio/gpio.o
                0x8000261c                gpio_disable_pin_interrupt
 .text.gpio_clear_pin_interrupt_flag
                0x80002632       0x22 src/ASF/avr32/drivers/gpio/gpio.o
                0x80002632                gpio_clear_pin_interrupt_flag
 .text._unhandled_interrupt
                0x80002654        0x2 src/ASF/avr32/drivers/intc/intc.o
 *fill*         0x80002656        0x2 d703d703
 .text.INTC_register_interrupt
                0x80002658       0x80 src/ASF/avr32/drivers/intc/intc.o
                0x80002658                INTC_register_interrupt
 .text.INTC_init_interrupts
                0x800026d8       0x54 src/ASF/avr32/drivers/intc/intc.o
                0x800026d8                INTC_init_interrupts
 .text._get_interrupt_handler
                0x8000272c       0x38 src/ASF/avr32/drivers/intc/intc.o
                0x8000272c                _get_interrupt_handler
 .text.getBaudDiv
                0x80002764       0x20 src/ASF/avr32/drivers/spi/spi.o
                0x80002764                getBaudDiv
 .text.spi_selectionMode
                0x80002784       0x2c src/ASF/avr32/drivers/spi/spi.o
                0x80002784                spi_selectionMode
 .text.spi_selectChip
                0x800027b0       0x4c src/ASF/avr32/drivers/spi/spi.o
                0x800027b0                spi_selectChip
 .text.spi_unselectChip
                0x800027fc       0x26 src/ASF/avr32/drivers/spi/spi.o
                0x800027fc                spi_unselectChip
 *fill*         0x80002822        0x2 d703d703
 .text.spi_setupChipReg
                0x80002824       0xb8 src/ASF/avr32/drivers/spi/spi.o
                0x80002824                spi_setupChipReg
 .text.spi_enable
                0x800028dc        0x6 src/ASF/avr32/drivers/spi/spi.o
                0x800028dc                spi_enable
 .text.tc_init_waveform
                0x800028e2       0x9c src/ASF/avr32/drivers/tc/tc.o
                0x800028e2                tc_init_waveform
 .text.tc_start
                0x8000297e       0x12 src/ASF/avr32/drivers/tc/tc.o
                0x8000297e                tc_start
 .text.tc_stop  0x80002990       0x12 src/ASF/avr32/drivers/tc/tc.o
                0x80002990                tc_stop
 .text.tc_read_sr
                0x800029a2       0x12 src/ASF/avr32/drivers/tc/tc.o
                0x800029a2                tc_read_sr
 .text.tc_write_rc
                0x800029b4       0x34 src/ASF/avr32/drivers/tc/tc.o
                0x800029b4                tc_write_rc
 .text.tc_configure_interrupts
                0x800029e8      0x108 src/ASF/avr32/drivers/tc/tc.o
                0x800029e8                tc_configure_interrupts
 .text.usart_set_async_baudrate
                0x80002af0       0x5a src/ASF/avr32/drivers/usart/usart.o
 .text.usart_write_char
                0x80002b4a       0x14 src/ASF/avr32/drivers/usart/usart.o
                0x80002b4a                usart_write_char
 *fill*         0x80002b5e        0x2 d703d703
 .text.usart_putchar
                0x80002b60       0x2c src/ASF/avr32/drivers/usart/usart.o
                0x80002b60                usart_putchar
 .text.usart_read_char
                0x80002b8c       0x22 src/ASF/avr32/drivers/usart/usart.o
                0x80002b8c                usart_read_char
 *fill*         0x80002bae        0x2 d703d703
 .text.usart_write_line
                0x80002bb0       0x24 src/ASF/avr32/drivers/usart/usart.o
                0x80002bb0                usart_write_line
 .text.usart_reset
                0x80002bd4       0x2c src/ASF/avr32/drivers/usart/usart.o
                0x80002bd4                usart_reset
 .text.usart_init_rs232
                0x80002c00       0xcc src/ASF/avr32/drivers/usart/usart.o
                0x80002c00                usart_init_rs232
 .text._stext   0x80002ccc       0x3c src/ASF/avr32/utils/startup/startup_uc3.o
                                 0x50 (size before relaxing)
                0x80002ccc                _stext
 .text.switch_pll_on
                0x80002d08       0x78 src/ASF/common/components/at86rf212.o
 .text.set_trx_state
                0x80002d80      0x154 src/ASF/common/components/at86rf212.o
 .text.tx_frame_config
                0x80002ed4       0x40 src/ASF/common/components/at86rf212.o
                0x80002ed4                tx_frame_config
 .text.pal_trx_frame_write
                0x80002f14       0x64 src/ASF/common/components/at86rfx_driver.o
                0x80002f14                pal_trx_frame_write
 .text.at86rfx_tx_frame
                0x80002f78       0x38 src/ASF/common/components/at86rfx_driver.o
                0x80002f78                at86rfx_tx_frame
 .text.pal_trx_reg_write
                0x80002fb0       0x6c src/ASF/common/components/at86rfx_driver.o
                0x80002fb0                pal_trx_reg_write
 .text.pal_trx_reg_read
                0x8000301c       0x74 src/ASF/common/components/at86rfx_driver.o
                0x8000301c                pal_trx_reg_read
 .text.pal_trx_bit_read
                0x80003090       0x24 src/ASF/common/components/at86rfx_driver.o
                0x80003090                pal_trx_bit_read
 .text.sysclk_init
                0x800030b4       0x10 src/ASF/common/services/clock/uc3l/sysclk.o
                0x800030b4                sysclk_init
 .text.sysclk_priv_enable_module
                0x800030c4       0x3a src/ASF/common/services/clock/uc3l/sysclk.o
                0x800030c4                sysclk_priv_enable_module
 .text.spi_read_packet
                0x800030fe       0x50 src/ASF/common/services/spi/uc3_spi/spi_master.o
                0x800030fe                spi_read_packet
 .text.spi_write_packet
                0x8000314e       0x2c src/ASF/common/services/spi/uc3_spi/spi_master.o
                0x8000314e                spi_write_packet
 *fill*         0x8000317a        0x2 d703d703
 .text.getStateAT86RF212
                0x8000317c       0x18 src/main.o
                0x8000317c                getStateAT86RF212
 .text.iniciarAT86
                0x80003194       0x5c src/main.o
                0x80003194                iniciarAT86
 .text.tc_irq   0x800031f0       0x70 src/main.o
 .text.eic_int_handler2
                0x80003260       0x28 src/main.o
 .text.usart_int_handler_RS232
                0x80003288       0x68 src/main.o
 .text.iniciarAT86RF212
                0x800032f0      0x160 src/main.o
                0x800032f0                iniciarAT86RF212
 .text.sysclk_enable_pba_module
                0x80003450       0x10 src/main.o
 .text.rs_232_init_usart
                0x80003460       0x24 src/main.o
                0x80003460                rs_232_init_usart
 .text.rs_232_init_pins
                0x80003484       0x2c src/main.o
                0x80003484                rs_232_init_pins
 .text.init_i2c_pins
                0x800034b0       0x2c src/main.o
                0x800034b0                init_i2c_pins
 .text.spi_init_pins
                0x800034dc       0x40 src/main.o
                0x800034dc                spi_init_pins
 .text.led_init_pins
                0x8000351c       0x20 src/main.o
                0x8000351c                led_init_pins
 .text.init_rf_pins
                0x8000353c       0x30 src/main.o
                0x8000353c                init_rf_pins
 .text.escribir_linea_pc
                0x8000356c       0x14 src/main.o
                0x8000356c                escribir_linea_pc
 .text.init_i2c_module
                0x80003580       0x54 src/main.o
                0x80003580                init_i2c_module
 .text.spi_init_module
                0x800035d4       0xa8 src/main.o
                0x800035d4                spi_init_module
 .text.main     0x8000367c      0x19c src/main.o
                0x8000367c                main
 *(.text.*personality*)
 *(.gnu.warning)

.exception      0x80003a00      0x200
 .exception     0x80003a00      0x200 src/ASF/avr32/drivers/intc/exception.o
                0x80003a00                _evba
                0x80003b04                _int0
                0x80003b12                _int1
                0x80003b20                _int2
                0x80003b2e                _int3

.fini
 *(.fini)
                0x80003c00                PROVIDE (__etext, .)
                0x80003c00                PROVIDE (_etext, .)
                0x80003c00                PROVIDE (etext, .)

.rodata         0x80003c00      0x208
 *(.rodata .rodata.* .gnu.linkonce.r.*)
 .rodata.gpio_enable_module_pin
                0x80003c00       0x20 src/ASF/avr32/drivers/gpio/gpio.o
 .rodata._int_handler_table
                0x80003c20       0xf8 src/ASF/avr32/drivers/intc/intc.o
 .rodata.C.69.12252
                0x80003d18       0x10 src/main.o
 .rodata.C.72.12279
                0x80003d28       0x10 src/main.o
 .rodata.C.70.12261
                0x80003d38       0x10 src/main.o
 .rodata.waveform_opt.12237
                0x80003d48        0x8 src/main.o
 .rodata.str1.4
                0x80003d50       0x94 src/main.o
 .rodata.C.68.12247
                0x80003de4       0x20 src/main.o
 .rodata.tc_interrupt.12238
                0x80003e04        0x4 src/main.o

.rodata1
 *(.rodata1)

.eh_frame_hdr
 *(.eh_frame_hdr)

.eh_frame
 *(.eh_frame)

.gcc_except_table
 *(.gcc_except_table)
 *(.gcc_except_table.*)

.lalign         0x80003e08        0x0
                0x80003e08                . = ALIGN (0x8)
                0x80003e08                PROVIDE (_data_lma, .)
                0x00000004                . = ORIGIN (INTRAM)

.dalign         0x00000004        0x4
                0x00000008                . = ALIGN (0x8)
 *fill*         0x00000004        0x4 
                0x00000008                PROVIDE (_data, .)

.eh_frame
 *(.eh_frame)

.gcc_except_table
 *(.gcc_except_table)
 *(.gcc_except_table.*)

.tdata
 *(.tdata .tdata.* .gnu.linkonce.td.*)

.tbss
 *(.tbss .tbss.* .gnu.linkonce.tb.*)
 *(.tcommon)
                0x00000008                PROVIDE (__preinit_array_start, ALIGN (0x4))

.preinit_array
 *(.preinit_array)
                0x00000008                PROVIDE (__preinit_array_end, .)
                0x00000008                PROVIDE (__init_array_start, .)

.init_array
 *(.init_array)
                0x00000008                PROVIDE (__init_array_end, .)
                0x00000008                PROVIDE (__fini_array_start, .)

.fini_array
 *(.fini_array)
                0x00000008                PROVIDE (__fini_array_end, .)

.ctors
 *crtbegin*.o(.ctors)
 *(EXCLUDE_FILE(*crtend*.o) .ctors)
 *(SORT(.ctors.*))
 *(.ctors)

.dtors
 *crtbegin*.o(.dtors)
 *(EXCLUDE_FILE(*crtend*.o) .dtors)
 *(SORT(.dtors.*))
 *(.dtors)

.jcr
 *(.jcr)

.data.rel.ro
 *(.data.rel.ro.local)
 *(.data.rel.ro*)

.dynamic
 *(.dynamic)

.got
 *(.got.plt)
 *(.got)

.ramtext
 *(.ramtext .ramtext.*)

.ddalign        0x00000008        0x0 load address 0x80003e08
                0x00000008                . = ALIGN (0x8)

.data           0x00000008       0x26 load address 0x80003e08
 *(.data .data.* .gnu.linkonce.d.*)
 .data.SPI_AT86RFX_DEVICE
                0x00000008        0x1 src/ASF/common/components/at86rfx_driver.o
                0x00000008                SPI_AT86RFX_DEVICE
 *fill*         0x00000009        0x3 
 .data.usart_opt
                0x0000000c        0xc src/main.o
                0x0000000c                usart_opt
 .data.tx_buffer
                0x00000018        0x8 src/main.o
                0x00000018                tx_buffer
 .data.tc       0x00000020        0x4 src/main.o
                0x00000020                tc
 .data.tc_tick  0x00000024        0x4 src/main.o
 .data.eic_options2
                0x00000028        0x6 src/main.o
                0x00000028                eic_options2
 *(.gnu.linkonce.d.*personality*)

.data1
 *(.data1)

.balign         0x0000002e        0x2 load address 0x80003e2e
                0x00000030                . = ALIGN (0x8)
 *fill*         0x0000002e        0x2 
                0x00000030                PROVIDE (_edata, .)
                0x00000030                PROVIDE (edata, .)
                0x00000030                __bss_start = .

.bss            0x00000030      0x1e0
 *(.dynbss)
 *(.bss .bss.* .gnu.linkonce.b.*)
 .bss.twim_inst
                0x00000030        0x4 src/ASF/avr32/drivers/twim/twim.o
 .bss.twim_rx_data
                0x00000034        0x4 src/ASF/avr32/drivers/twim/twim.o
 .bss.twim_rx_nb_bytes
                0x00000038        0x4 src/ASF/avr32/drivers/twim/twim.o
 .bss.transfer_status
                0x0000003c        0x4 src/ASF/avr32/drivers/twim/twim.o
 .bss.twim_tx_data
                0x00000040        0x4 src/ASF/avr32/drivers/twim/twim.o
 .bss.twim_it_mask
                0x00000044        0x4 src/ASF/avr32/drivers/twim/twim.o
 .bss.twim_next
                0x00000048        0x1 src/ASF/avr32/drivers/twim/twim.o
 *fill*         0x00000049        0x3 
 .bss.twim_package
                0x0000004c        0x4 src/ASF/avr32/drivers/twim/twim.o
 .bss.twim_tx_nb_bytes
                0x00000050        0x4 src/ASF/avr32/drivers/twim/twim.o
 .bss._int_line_handler_table_0
                0x00000054        0x4 src/ASF/avr32/drivers/intc/intc.o
 .bss._int_line_handler_table_1
                0x00000058        0x8 src/ASF/avr32/drivers/intc/intc.o
 .bss._int_line_handler_table_2
                0x00000060        0x4 src/ASF/avr32/drivers/intc/intc.o
 .bss._int_line_handler_table_21
                0x00000064        0x4 src/ASF/avr32/drivers/intc/intc.o
 .bss._int_line_handler_table_22
                0x00000068        0x4 src/ASF/avr32/drivers/intc/intc.o
 .bss._int_line_handler_table_23
                0x0000006c        0x4 src/ASF/avr32/drivers/intc/intc.o
 .bss._int_line_handler_table_16
                0x00000070        0x4 src/ASF/avr32/drivers/intc/intc.o
 .bss._int_line_handler_table_10
                0x00000074       0x10 src/ASF/avr32/drivers/intc/intc.o
 .bss._int_line_handler_table_11
                0x00000084       0x10 src/ASF/avr32/drivers/intc/intc.o
 .bss._int_line_handler_table_12
                0x00000094        0x4 src/ASF/avr32/drivers/intc/intc.o
 .bss._int_line_handler_table_13
                0x00000098        0x4 src/ASF/avr32/drivers/intc/intc.o
 .bss._int_line_handler_table_14
                0x0000009c       0x18 src/ASF/avr32/drivers/intc/intc.o
 .bss._int_line_handler_table_15
                0x000000b4        0x4 src/ASF/avr32/drivers/intc/intc.o
 .bss._int_line_handler_table_20
                0x000000b8        0x4 src/ASF/avr32/drivers/intc/intc.o
 .bss._int_line_handler_table_17
                0x000000bc        0x4 src/ASF/avr32/drivers/intc/intc.o
 .bss._int_line_handler_table_18
                0x000000c0        0x4 src/ASF/avr32/drivers/intc/intc.o
 .bss._int_line_handler_table_19
                0x000000c4        0x4 src/ASF/avr32/drivers/intc/intc.o
 .bss._int_line_handler_table_3
                0x000000c8        0x4 src/ASF/avr32/drivers/intc/intc.o
 .bss._int_line_handler_table_4
                0x000000cc       0x10 src/ASF/avr32/drivers/intc/intc.o
 .bss._int_line_handler_table_5
                0x000000dc       0x10 src/ASF/avr32/drivers/intc/intc.o
 .bss._int_line_handler_table_6
                0x000000ec       0x10 src/ASF/avr32/drivers/intc/intc.o
 .bss._int_line_handler_table_7
                0x000000fc        0x4 src/ASF/avr32/drivers/intc/intc.o
 .bss._int_line_handler_table_8
                0x00000100        0x4 src/ASF/avr32/drivers/intc/intc.o
 .bss._int_line_handler_table_9
                0x00000104        0x4 src/ASF/avr32/drivers/intc/intc.o
 .bss._int_line_handler_table_24
                0x00000108        0x4 src/ASF/avr32/drivers/intc/intc.o
 .bss._int_line_handler_table_26
                0x0000010c        0xc src/ASF/avr32/drivers/intc/intc.o
 .bss._int_line_handler_table_25
                0x00000118        0xc src/ASF/avr32/drivers/intc/intc.o
 .bss._int_line_handler_table_27
                0x00000124        0x4 src/ASF/avr32/drivers/intc/intc.o
 .bss._int_line_handler_table_28
                0x00000128        0x4 src/ASF/avr32/drivers/intc/intc.o
 .bss._int_line_handler_table_29
                0x0000012c        0x4 src/ASF/avr32/drivers/intc/intc.o
 .bss._int_line_handler_table_30
                0x00000130        0x4 src/ASF/avr32/drivers/intc/intc.o
 .bss.tal_state
                0x00000134        0x1 src/ASF/common/components/at86rf212.o
 .bss.tal_trx_status
                0x00000135        0x1 src/ASF/common/components/at86rf212.o
 .bss.TRX_CTRL_0
                0x00000136        0x1 src/main.o
                0x00000136                TRX_CTRL_0
 .bss.register_value
                0x00000137        0x1 src/main.o
                0x00000137                register_value
 .bss.cola_PC_nw
                0x00000138        0x4 src/main.o
                0x00000138                cola_PC_nw
 .bss.PHY_CC_CCA
                0x0000013c        0x1 src/main.o
                0x0000013c                PHY_CC_CCA
 .bss.PHY_TX_PWR
                0x0000013d        0x1 src/main.o
                0x0000013d                PHY_TX_PWR
 .bss.TRX_CTRL_2
                0x0000013e        0x1 src/main.o
                0x0000013e                TRX_CTRL_2
 .bss.TRX_STATUS
                0x0000013f        0x1 src/main.o
                0x0000013f                TRX_STATUS
 .bss.algo2     0x00000140        0x1 src/main.o
                0x00000140                algo2
 .bss.IRQ_MASK  0x00000141        0x1 src/main.o
                0x00000141                IRQ_MASK
 *(COMMON)
 *fill*         0x00000142        0x2 
 COMMON         0x00000144       0xc8 src/main.o
                0x00000144                cola_PC
                0x00000210                . = ALIGN (0x8)
 *fill*         0x0000020c        0x4 
                0x00000210                . = ALIGN (0x8)
                0x00000210                _end = .
                0x00000210                PROVIDE (end, .)
                0x00000210                __heap_start__ = ALIGN (0x8)

.heap           0x00000210     0x2df0
 *(.heap)
                0x00002df0                . = (__heap_size__ == __max_heap_size__)?(((ORIGIN (INTRAM) + 0x3ffc) - __stack_size__) - ABSOLUTE (.)):__heap_size__
 *fill*         0x00000210     0x2df0 
                0x00003000                __heap_end__ = .

.stab
 *(.stab)

.stabstr
 *(.stabstr)

.stab.excl
 *(.stab.excl)

.stab.exclstr
 *(.stab.exclstr)

.stab.index
 *(.stab.index)

.stab.indexstr
 *(.stab.indexstr)

.comment        0x00000000       0x30
 *(.comment)
 .comment       0x00000000       0x30 src/ASF/avr32/drivers/twim/twim.o
                                 0x31 (size before relaxing)
 .comment       0x00000000       0x31 src/ASF/avr32/drivers/eic/eic.o
 .comment       0x00000000       0x31 src/ASF/avr32/drivers/gpio/gpio.o
 .comment       0x00000000       0x31 src/ASF/avr32/drivers/intc/intc.o
 .comment       0x00000000       0x31 src/ASF/avr32/drivers/spi/spi.o
 .comment       0x00000000       0x31 src/ASF/avr32/drivers/tc/tc.o
 .comment       0x00000000       0x31 src/ASF/avr32/drivers/usart/usart.o
 .comment       0x00000000       0x31 src/ASF/common/components/at86rf212.o
 .comment       0x00000000       0x31 src/ASF/common/components/at86rfx_driver.o
 .comment       0x00000000       0x31 src/ASF/common/services/clock/uc3l/sysclk.o
 .comment       0x00000000       0x31 src/ASF/common/services/spi/uc3_spi/spi_master.o
 .comment       0x00000000       0x31 src/main.o

.debug
 *(.debug)

.line
 *(.line)

.debug_srcinfo
 *(.debug_srcinfo)

.debug_sfnames
 *(.debug_sfnames)

.debug_aranges  0x00000000      0x6c0
 *(.debug_aranges)
 .debug_aranges
                0x00000000       0x70 src/ASF/avr32/drivers/twim/twim.o
 .debug_aranges
                0x00000070       0x88 src/ASF/avr32/drivers/eic/eic.o
 .debug_aranges
                0x000000f8      0x110 src/ASF/avr32/drivers/gpio/gpio.o
 .debug_aranges
                0x00000208       0x20 src/ASF/avr32/drivers/intc/exception.o
 .debug_aranges
                0x00000228       0x38 src/ASF/avr32/drivers/intc/intc.o
 .debug_aranges
                0x00000260       0xa8 src/ASF/avr32/drivers/spi/spi.o
 .debug_aranges
                0x00000308       0xa8 src/ASF/avr32/drivers/tc/tc.o
 .debug_aranges
                0x000003b0       0xe0 src/ASF/avr32/drivers/usart/usart.o
 .debug_aranges
                0x00000490       0x20 src/ASF/avr32/utils/startup/startup_uc3.o
 .debug_aranges
                0x000004b0       0x20 src/ASF/avr32/utils/startup/trampoline_uc3.o
 .debug_aranges
                0x000004d0       0x48 src/ASF/common/components/at86rf212.o
 .debug_aranges
                0x00000518       0x70 src/ASF/common/components/at86rfx_driver.o
 .debug_aranges
                0x00000588       0x50 src/ASF/common/services/clock/uc3l/sysclk.o
 .debug_aranges
                0x000005d8       0x30 src/ASF/common/services/spi/uc3_spi/spi_master.o
 .debug_aranges
                0x00000608       0xb8 src/main.o

.debug_pubnames
                0x00000000      0xff9
 *(.debug_pubnames)
 .debug_pubnames
                0x00000000       0xd6 src/ASF/avr32/drivers/twim/twim.o
 .debug_pubnames
                0x000000d6      0x186 src/ASF/avr32/drivers/eic/eic.o
 .debug_pubnames
                0x0000025c      0x359 src/ASF/avr32/drivers/gpio/gpio.o
 .debug_pubnames
                0x000005b5       0x62 src/ASF/avr32/drivers/intc/intc.o
 .debug_pubnames
                0x00000617      0x178 src/ASF/avr32/drivers/spi/spi.o
 .debug_pubnames
                0x0000078f      0x164 src/ASF/avr32/drivers/tc/tc.o
 .debug_pubnames
                0x000008f3      0x227 src/ASF/avr32/drivers/usart/usart.o
 .debug_pubnames
                0x00000b1a       0x5f src/ASF/common/components/at86rf212.o
 .debug_pubnames
                0x00000b79      0x121 src/ASF/common/components/at86rfx_driver.o
 .debug_pubnames
                0x00000c9a       0xca src/ASF/common/services/clock/uc3l/sysclk.o
 .debug_pubnames
                0x00000d64       0x57 src/ASF/common/services/spi/uc3_spi/spi_master.o
 .debug_pubnames
                0x00000dbb      0x23e src/main.o

.debug_info     0x00000000    0x13f64
 *(.debug_info .gnu.linkonce.wi.*)
 .debug_info    0x00000000     0x11d9 src/ASF/avr32/drivers/twim/twim.o
 .debug_info    0x000011d9     0x1981 src/ASF/avr32/drivers/eic/eic.o
 .debug_info    0x00002b5a      0xedb src/ASF/avr32/drivers/gpio/gpio.o
 .debug_info    0x00003a35       0x5e src/ASF/avr32/drivers/intc/exception.o
 .debug_info    0x00003a93      0x6a5 src/ASF/avr32/drivers/intc/intc.o
 .debug_info    0x00004138     0x1307 src/ASF/avr32/drivers/spi/spi.o
 .debug_info    0x0000543f     0x1183 src/ASF/avr32/drivers/tc/tc.o
 .debug_info    0x000065c2     0x2c5b src/ASF/avr32/drivers/usart/usart.o
 .debug_info    0x0000921d       0x61 src/ASF/avr32/utils/startup/startup_uc3.o
 .debug_info    0x0000927e       0x68 src/ASF/avr32/utils/startup/trampoline_uc3.o
 .debug_info    0x000092e6      0xc16 src/ASF/common/components/at86rf212.o
 .debug_info    0x00009efc     0x1449 src/ASF/common/components/at86rfx_driver.o
 .debug_info    0x0000b345      0xff0 src/ASF/common/services/clock/uc3l/sysclk.o
 .debug_info    0x0000c335     0x1353 src/ASF/common/services/spi/uc3_spi/spi_master.o
 .debug_info    0x0000d688     0x68dc src/main.o

.debug_abbrev   0x00000000     0x1fcf
 *(.debug_abbrev)
 .debug_abbrev  0x00000000      0x282 src/ASF/avr32/drivers/twim/twim.o
 .debug_abbrev  0x00000282      0x218 src/ASF/avr32/drivers/eic/eic.o
 .debug_abbrev  0x0000049a      0x2c6 src/ASF/avr32/drivers/gpio/gpio.o
 .debug_abbrev  0x00000760       0x14 src/ASF/avr32/drivers/intc/exception.o
 .debug_abbrev  0x00000774      0x1f2 src/ASF/avr32/drivers/intc/intc.o
 .debug_abbrev  0x00000966      0x281 src/ASF/avr32/drivers/spi/spi.o
 .debug_abbrev  0x00000be7      0x25c src/ASF/avr32/drivers/tc/tc.o
 .debug_abbrev  0x00000e43      0x33a src/ASF/avr32/drivers/usart/usart.o
 .debug_abbrev  0x0000117d       0x14 src/ASF/avr32/utils/startup/startup_uc3.o
 .debug_abbrev  0x00001191       0x14 src/ASF/avr32/utils/startup/trampoline_uc3.o
 .debug_abbrev  0x000011a5      0x2d7 src/ASF/common/components/at86rf212.o
 .debug_abbrev  0x0000147c      0x2b0 src/ASF/common/components/at86rfx_driver.o
 .debug_abbrev  0x0000172c      0x209 src/ASF/common/services/clock/uc3l/sysclk.o
 .debug_abbrev  0x00001935      0x255 src/ASF/common/services/spi/uc3_spi/spi_master.o
 .debug_abbrev  0x00001b8a      0x445 src/main.o

.debug_line     0x00000000     0x74f4
 *(.debug_line)
 .debug_line    0x00000000      0x951 src/ASF/avr32/drivers/twim/twim.o
 .debug_line    0x00000951      0x85e src/ASF/avr32/drivers/eic/eic.o
 .debug_line    0x000011af      0x99c src/ASF/avr32/drivers/gpio/gpio.o
 .debug_line    0x00001b4b      0x109 src/ASF/avr32/drivers/intc/exception.o
 .debug_line    0x00001c54      0x72d src/ASF/avr32/drivers/intc/intc.o
 .debug_line    0x00002381      0x86a src/ASF/avr32/drivers/spi/spi.o
 .debug_line    0x00002beb      0x853 src/ASF/avr32/drivers/tc/tc.o
 .debug_line    0x0000343e      0x9b2 src/ASF/avr32/drivers/usart/usart.o
 .debug_line    0x00003df0       0xe2 src/ASF/avr32/utils/startup/startup_uc3.o
 .debug_line    0x00003ed2       0x67 src/ASF/avr32/utils/startup/trampoline_uc3.o
 .debug_line    0x00003f39      0xaa7 src/ASF/common/components/at86rf212.o
 .debug_line    0x000049e0      0xaaf src/ASF/common/components/at86rfx_driver.o
 .debug_line    0x0000548f      0x950 src/ASF/common/services/clock/uc3l/sysclk.o
 .debug_line    0x00005ddf      0x94d src/ASF/common/services/spi/uc3_spi/spi_master.o
 .debug_line    0x0000672c      0xdc8 src/main.o

.debug_frame    0x00000000      0xfb8
 *(.debug_frame)
 .debug_frame   0x00000000      0x144 src/ASF/avr32/drivers/twim/twim.o
 .debug_frame   0x00000144      0x100 src/ASF/avr32/drivers/eic/eic.o
 .debug_frame   0x00000244      0x238 src/ASF/avr32/drivers/gpio/gpio.o
 .debug_frame   0x0000047c       0x64 src/ASF/avr32/drivers/intc/intc.o
 .debug_frame   0x000004e0      0x158 src/ASF/avr32/drivers/spi/spi.o
 .debug_frame   0x00000638      0x148 src/ASF/avr32/drivers/tc/tc.o
 .debug_frame   0x00000780      0x2ac src/ASF/avr32/drivers/usart/usart.o
 .debug_frame   0x00000a2c       0xd0 src/ASF/common/components/at86rf212.o
 .debug_frame   0x00000afc      0x164 src/ASF/common/components/at86rfx_driver.o
 .debug_frame   0x00000c60       0xb0 src/ASF/common/services/clock/uc3l/sysclk.o
 .debug_frame   0x00000d10       0x64 src/ASF/common/services/spi/uc3_spi/spi_master.o
 .debug_frame   0x00000d74      0x244 src/main.o

.debug_str      0x00000000     0x361a
 *(.debug_str)
 .debug_str     0x00000000      0x639 src/ASF/avr32/drivers/twim/twim.o
                                0x6e0 (size before relaxing)
 .debug_str     0x00000639      0x349 src/ASF/avr32/drivers/eic/eic.o
                                0x48b (size before relaxing)
 .debug_str     0x00000982      0x56c src/ASF/avr32/drivers/gpio/gpio.o
                                0x673 (size before relaxing)
 .debug_str     0x00000eee      0x4a6 src/ASF/avr32/drivers/intc/intc.o
                                0x577 (size before relaxing)
 .debug_str     0x00001394      0x4df src/ASF/avr32/drivers/spi/spi.o
                                0x625 (size before relaxing)
 .debug_str     0x00001873      0x35c src/ASF/avr32/drivers/tc/tc.o
                                0x49b (size before relaxing)
 .debug_str     0x00001bcf      0x87a src/ASF/avr32/drivers/usart/usart.o
                                0xa49 (size before relaxing)
 .debug_str     0x00002449      0x5d6 src/ASF/common/components/at86rf212.o
                                0x6f5 (size before relaxing)
 .debug_str     0x00002a1f      0x265 src/ASF/common/components/at86rfx_driver.o
                                0x79b (size before relaxing)
 .debug_str     0x00002c84      0x40a src/ASF/common/services/clock/uc3l/sysclk.o
                                0x553 (size before relaxing)
 .debug_str     0x0000308e      0x1b4 src/ASF/common/services/spi/uc3_spi/spi_master.o
                                0x6b5 (size before relaxing)
 .debug_str     0x00003242      0x3d8 src/main.o
                               0x17cd (size before relaxing)

.debug_loc      0x00000000     0x2b9e
 *(.debug_loc)
 .debug_loc     0x00000000      0x48b src/ASF/avr32/drivers/twim/twim.o
 .debug_loc     0x0000048b       0x7e src/ASF/avr32/drivers/eic/eic.o
 .debug_loc     0x00000509      0x439 src/ASF/avr32/drivers/gpio/gpio.o
 .debug_loc     0x00000942       0xd3 src/ASF/avr32/drivers/intc/intc.o
 .debug_loc     0x00000a15      0x3bd src/ASF/avr32/drivers/spi/spi.o
 .debug_loc     0x00000dd2      0x3ff src/ASF/avr32/drivers/tc/tc.o
 .debug_loc     0x000011d1      0x9c5 src/ASF/avr32/drivers/usart/usart.o
 .debug_loc     0x00001b96      0x36b src/ASF/common/components/at86rf212.o
 .debug_loc     0x00001f01      0x355 src/ASF/common/components/at86rfx_driver.o
 .debug_loc     0x00002256      0x1d4 src/ASF/common/services/clock/uc3l/sysclk.o
 .debug_loc     0x0000242a      0x215 src/ASF/common/services/spi/uc3_spi/spi_master.o
 .debug_loc     0x0000263f      0x55f src/main.o

.debug_macinfo  0x00000000   0x84ac86
 *(.debug_macinfo)
 .debug_macinfo
                0x00000000    0xb0446 src/ASF/avr32/drivers/twim/twim.o
 .debug_macinfo
                0x000b0446    0xaed32 src/ASF/avr32/drivers/eic/eic.o
 .debug_macinfo
                0x0015f178    0xaeca8 src/ASF/avr32/drivers/gpio/gpio.o
 .debug_macinfo
                0x0020de20    0xaed55 src/ASF/avr32/drivers/intc/intc.o
 .debug_macinfo
                0x002bcb75    0xaeaf6 src/ASF/avr32/drivers/spi/spi.o
 .debug_macinfo
                0x0036b66b    0xaf38d src/ASF/avr32/drivers/tc/tc.o
 .debug_macinfo
                0x0041a9f8    0xaeebb src/ASF/avr32/drivers/usart/usart.o
 .debug_macinfo
                0x004c98b3    0xb3b53 src/ASF/common/components/at86rf212.o
 .debug_macinfo
                0x0057d406    0xb4534 src/ASF/common/components/at86rfx_driver.o
 .debug_macinfo
                0x0063193a    0xb1683 src/ASF/common/services/clock/uc3l/sysclk.o
 .debug_macinfo
                0x006e2fbd    0xb155a src/ASF/common/services/spi/uc3_spi/spi_master.o
 .debug_macinfo
                0x00794517    0xb676f src/main.o

.debug_weaknames
 *(.debug_weaknames)

.debug_funcnames
 *(.debug_funcnames)

.debug_typenames
 *(.debug_typenames)

.debug_varnames
 *(.debug_varnames)

.stack          0x00003000     0x1000
                0x00003000                _stack = .
 *(.stack)
                0x00001000                . = __stack_size__
 *fill*         0x00003000     0x1000 
                0x00004000                _estack = .

.userpage
 *(.userpage .userpage.*)

/DISCARD/
 *(.note.GNU-stack)
OUTPUT(GccBoardProject1.elf elf32-avr32)

.debug_ranges   0x00000000      0x780
 .debug_ranges  0x00000000       0x68 src/ASF/avr32/drivers/twim/twim.o
 .debug_ranges  0x00000068       0x80 src/ASF/avr32/drivers/eic/eic.o
 .debug_ranges  0x000000e8      0x108 src/ASF/avr32/drivers/gpio/gpio.o
 .debug_ranges  0x000001f0       0x48 src/ASF/avr32/drivers/intc/intc.o
 .debug_ranges  0x00000238       0xa0 src/ASF/avr32/drivers/spi/spi.o
 .debug_ranges  0x000002d8       0xa0 src/ASF/avr32/drivers/tc/tc.o
 .debug_ranges  0x00000378       0xd8 src/ASF/avr32/drivers/usart/usart.o
 .debug_ranges  0x00000450      0x118 src/ASF/common/components/at86rf212.o
 .debug_ranges  0x00000568       0x68 src/ASF/common/components/at86rfx_driver.o
 .debug_ranges  0x000005d0       0x48 src/ASF/common/services/clock/uc3l/sysclk.o
 .debug_ranges  0x00000618       0x58 src/ASF/common/services/spi/uc3_spi/spi_master.o
 .debug_ranges  0x00000670      0x110 src/main.o
