Archive member included because of file (symbol)

c:/program files (x86)/atmel/atmel toolchain/avr32 gcc/native/3.4.1057/avr32-gnu-toolchain/bin/../lib/gcc/avr32/4.4.7/ucr2\libgcc.a(_udivdi3.o)
                              src/ASF/common/components/wireless/at86rf212/at86rf212.o (__avr32_udiv64)
c:/program files (x86)/atmel/atmel toolchain/avr32 gcc/native/3.4.1057/avr32-gnu-toolchain/bin/../lib/gcc/avr32/4.4.7/../../../../avr32/lib/ucr2\libc.a(lib_a-memcpy.o)
                              src/ASF/avr32/drivers/flashc/flashc.o (memcpy)
c:/program files (x86)/atmel/atmel toolchain/avr32 gcc/native/3.4.1057/avr32-gnu-toolchain/bin/../lib/gcc/avr32/4.4.7/../../../../avr32/lib/ucr2\libc.a(lib_a-rand.o)
                              src/ASF/common/components/wireless/at86rf212/at86rf212.o (srand)
c:/program files (x86)/atmel/atmel toolchain/avr32 gcc/native/3.4.1057/avr32-gnu-toolchain/bin/../lib/gcc/avr32/4.4.7/../../../../avr32/lib/ucr2\libc.a(lib_a-impure.o)
                              c:/program files (x86)/atmel/atmel toolchain/avr32 gcc/native/3.4.1057/avr32-gnu-toolchain/bin/../lib/gcc/avr32/4.4.7/../../../../avr32/lib/ucr2\libc.a(lib_a-rand.o) (_impure_ptr)
c:/program files (x86)/atmel/atmel toolchain/avr32 gcc/native/3.4.1057/avr32-gnu-toolchain/bin/../lib/gcc/avr32/4.4.7/../../../../avr32/lib/ucr2\libc.a(lib_a-malloc.o)
                              c:/program files (x86)/atmel/atmel toolchain/avr32 gcc/native/3.4.1057/avr32-gnu-toolchain/bin/../lib/gcc/avr32/4.4.7/../../../../avr32/lib/ucr2\libc.a(lib_a-rand.o) (malloc)
c:/program files (x86)/atmel/atmel toolchain/avr32 gcc/native/3.4.1057/avr32-gnu-toolchain/bin/../lib/gcc/avr32/4.4.7/../../../../avr32/lib/ucr2\libc.a(lib_a-mallocr.o)
                              c:/program files (x86)/atmel/atmel toolchain/avr32 gcc/native/3.4.1057/avr32-gnu-toolchain/bin/../lib/gcc/avr32/4.4.7/../../../../avr32/lib/ucr2\libc.a(lib_a-malloc.o) (_malloc_r)
c:/program files (x86)/atmel/atmel toolchain/avr32 gcc/native/3.4.1057/avr32-gnu-toolchain/bin/../lib/gcc/avr32/4.4.7/../../../../avr32/lib/ucr2\libc.a(lib_a-mlock.o)
                              c:/program files (x86)/atmel/atmel toolchain/avr32 gcc/native/3.4.1057/avr32-gnu-toolchain/bin/../lib/gcc/avr32/4.4.7/../../../../avr32/lib/ucr2\libc.a(lib_a-mallocr.o) (__malloc_lock)
c:/program files (x86)/atmel/atmel toolchain/avr32 gcc/native/3.4.1057/avr32-gnu-toolchain/bin/../lib/gcc/avr32/4.4.7/../../../../avr32/lib/ucr2\libc.a(lib_a-sbrkr.o)
                              c:/program files (x86)/atmel/atmel toolchain/avr32 gcc/native/3.4.1057/avr32-gnu-toolchain/bin/../lib/gcc/avr32/4.4.7/../../../../avr32/lib/ucr2\libc.a(lib_a-mallocr.o) (_sbrk_r)
c:/program files (x86)/atmel/atmel toolchain/avr32 gcc/native/3.4.1057/avr32-gnu-toolchain/bin/../lib/gcc/avr32/4.4.7/../../../../avr32/lib/ucr2\libc.a(lib_a-syscalls.o)
                              c:/program files (x86)/atmel/atmel toolchain/avr32 gcc/native/3.4.1057/avr32-gnu-toolchain/bin/../lib/gcc/avr32/4.4.7/../../../../avr32/lib/ucr2\libc.a(lib_a-sbrkr.o) (_sbrk)
c:/program files (x86)/atmel/atmel toolchain/avr32 gcc/native/3.4.1057/avr32-gnu-toolchain/bin/../lib/gcc/avr32/4.4.7/../../../../avr32/lib/ucr2\libc.a(lib_a-errno.o)
                              c:/program files (x86)/atmel/atmel toolchain/avr32 gcc/native/3.4.1057/avr32-gnu-toolchain/bin/../lib/gcc/avr32/4.4.7/../../../../avr32/lib/ucr2\libc.a(lib_a-syscalls.o) (__errno)
c:/program files (x86)/atmel/atmel toolchain/avr32 gcc/native/3.4.1057/avr32-gnu-toolchain/bin/../lib/gcc/avr32/4.4.7/../../../../avr32/lib/ucr2\libc.a(lib_a-findfp.o)
                              c:/program files (x86)/atmel/atmel toolchain/avr32 gcc/native/3.4.1057/avr32-gnu-toolchain/bin/../lib/gcc/avr32/4.4.7/../../../../avr32/lib/ucr2\libc.a(lib_a-impure.o) (__sf_fake_stdin)
c:/program files (x86)/atmel/atmel toolchain/avr32 gcc/native/3.4.1057/avr32-gnu-toolchain/bin/../lib/gcc/avr32/4.4.7/../../../../avr32/lib/ucr2\libc.a(lib_a-freer.o)
                              c:/program files (x86)/atmel/atmel toolchain/avr32 gcc/native/3.4.1057/avr32-gnu-toolchain/bin/../lib/gcc/avr32/4.4.7/../../../../avr32/lib/ucr2\libc.a(lib_a-malloc.o) (_free_r)
c:/program files (x86)/atmel/atmel toolchain/avr32 gcc/native/3.4.1057/avr32-gnu-toolchain/bin/../lib/gcc/avr32/4.4.7/../../../../avr32/lib/ucr2\libc.a(lib_a-fwalk.o)
                              c:/program files (x86)/atmel/atmel toolchain/avr32 gcc/native/3.4.1057/avr32-gnu-toolchain/bin/../lib/gcc/avr32/4.4.7/../../../../avr32/lib/ucr2\libc.a(lib_a-findfp.o) (_fwalk)
c:/program files (x86)/atmel/atmel toolchain/avr32 gcc/native/3.4.1057/avr32-gnu-toolchain/bin/../lib/gcc/avr32/4.4.7/../../../../avr32/lib/ucr2\libc.a(lib_a-memset.o)
                              c:/program files (x86)/atmel/atmel toolchain/avr32 gcc/native/3.4.1057/avr32-gnu-toolchain/bin/../lib/gcc/avr32/4.4.7/../../../../avr32/lib/ucr2\libc.a(lib_a-findfp.o) (memset)
[...]
Memory Configuration

Name             Origin             Length             Attributes
FLASH            0x80000000         0x00040000         axrl !w
INTRAM           0x00000004         0x0000fffc         axw !rl
HRAM0            0xff000000         0x00008000         axw !rl
HRAM1            0xff008000         0x00008000         axw !rl
USERPAGE         0x80800000         0x00000200
*default*        0x00000000         0xffffffff

Linker script and memory map

                0x00001000                _stack_size = 0x1000
LOAD src/ASF/avr32/boards/rz600/init.o
LOAD src/ASF/avr32/boards/rz600/led.o
LOAD src/ASF/avr32/drivers/flashc/flashc.o
LOAD src/ASF/avr32/drivers/gpio/gpio.o
LOAD src/ASF/avr32/drivers/intc/exception.o
LOAD src/ASF/avr32/drivers/intc/intc.o
LOAD src/ASF/avr32/drivers/pm/pm.o
LOAD src/ASF/avr32/drivers/pm/pm_conf_clocks.o
LOAD src/ASF/avr32/drivers/pm/power_clocks_lib.o
LOAD src/ASF/avr32/drivers/spi/spi.o
LOAD src/ASF/avr32/drivers/usbb/usbb_device.o
LOAD src/ASF/avr32/utils/startup/startup_uc3.o
LOAD src/ASF/avr32/utils/startup/trampoline_uc3.o
LOAD src/ASF/common/components/wireless/at86rf212/at86rf212.o
LOAD src/ASF/common/components/wireless/at86rfx_driver.o
LOAD src/ASF/common/services/clock/uc3a3_a4/sysclk.o
LOAD src/ASF/common/services/sleepmgr/uc3/sleepmgr.o
LOAD src/ASF/common/services/spi/uc3_spi/spi_master.o
LOAD src/ASF/common/services/usb/class/cdc/device/udi_cdc.o
LOAD src/ASF/common/services/usb/class/cdc/device/udi_cdc_desc.o
LOAD src/ASF/common/services/usb/udc/udc.o
LOAD src/main.o
START GROUP
LOAD c:/program files (x86)/atmel/atmel toolchain/avr32 gcc/native/3.4.1057/avr32-gnu-toolchain/bin/../lib/gcc/avr32/4.4.7/../../../../avr32/lib/ucr2\libm.a
END GROUP
LOAD c:/program files (x86)/atmel/atmel toolchain/avr32 gcc/native/3.4.1057/avr32-gnu-toolchain/bin/../lib/gcc/avr32/4.4.7/ucr2\libgcc.a
LOAD c:/program files (x86)/atmel/atmel toolchain/avr32 gcc/native/3.4.1057/avr32-gnu-toolchain/bin/../lib/gcc/avr32/4.4.7/../../../../avr32/lib/ucr2\libc.a
LOAD c:/program files (x86)/atmel/atmel toolchain/avr32 gcc/native/3.4.1057/avr32-gnu-toolchain/bin/../lib/gcc/avr32/4.4.7/ucr2\libgcc.a
                0xffffffff                __max_heap_size__ = 0xffffffff
                [0xffffffff]                __heap_size__ = DEFINED (__heap_size__)?__heap_size__:__max_heap_size__
                [0x00001000]                __stack_size__ = DEFINED (__stack_size__)?__stack_size__:0x1000
                0x80000000                PROVIDE (__executable_start, 0x80000000)
                0x80000000                . = 0x80000000

.interp
 *(.interp)

.reset          0x80000000     0x2008
 *(.reset)
 .reset         0x80000000        0x4 src/ASF/avr32/utils/startup/startup_uc3.o
                                  0x8 (size before relaxing)
                0x80000000                _start
 .reset         0x80000004     0x2004 src/ASF/avr32/utils/startup/trampoline_uc3.o
                               0x2008 (size before relaxing)
                0x80000004                _trampoline

.hash
 *(.hash)

.dynsym
 *(.dynsym)

.dynstr
 *(.dynstr)

.gnu.version
 *(.gnu.version)

.gnu.version_d
 *(.gnu.version_d)

.gnu.version_r
 *(.gnu.version_r)

.rel.init
 *(.rel.init)

.rela.init
 *(.rela.init)

.rel.text
 *(.rel.text .rel.text.* .rel.gnu.linkonce.t.*)

.rela.text
 *(.rela.text .rela.text.* .rela.gnu.linkonce.t.*)

.rel.fini
 *(.rel.fini)

.rela.fini
 *(.rela.fini)

.rel.rodata
 *(.rel.rodata .rel.rodata.* .rel.gnu.linkonce.r.*)

.rela.rodata
 *(.rela.rodata .rela.rodata.* .rela.gnu.linkonce.r.*)

.rel.data.rel.ro
 *(.rel.data.rel.ro*)

.rela.data.rel.ro
 *(.rel.data.rel.ro*)

.rel.data
 *(.rel.data .rel.data.* .rel.gnu.linkonce.d.*)

.rela.data
 *(.rela.data .rela.data.* .rela.gnu.linkonce.d.*)

.rel.tdata
 *(.rel.tdata .rel.tdata.* .rel.gnu.linkonce.td.*)

.rela.tdata
 *(.rela.tdata .rela.tdata.* .rela.gnu.linkonce.td.*)

.rel.tbss
 *(.rel.tbss .rel.tbss.* .rel.gnu.linkonce.tb.*)

.rela.tbss
 *(.rela.tbss .rela.tbss.* .rela.gnu.linkonce.tb.*)

.rel.ctors
 *(.rel.ctors)

.rela.ctors
 *(.rela.ctors)

.rel.dtors
 *(.rel.dtors)

.rela.dtors
 *(.rela.dtors)

.rel.got
 *(.rel.got)

.rela.got       0x80002008        0x0
 *(.rela.got)
 .rela.got      0x80002008        0x0 src/ASF/avr32/drivers/flashc/flashc.o

.rel.bss
 *(.rel.bss .rel.bss.* .rel.gnu.linkonce.b.*)

.rela.bss
 *(.rela.bss .rela.bss.* .rela.gnu.linkonce.b.*)

.rel.plt
 *(.rel.plt)

.rela.plt
 *(.rela.plt)

.init
 *(.init)

.plt
 *(.plt)

.text           0x80002008     0x40e8
 *(.text .stub .text.* .gnu.linkonce.t.*)
 .text.board_init
                0x80002008       0x50 src/ASF/avr32/boards/rz600/init.o
                0x80002008                board_init
 .text.LED_Toggle
                0x80002058       0x4c src/ASF/avr32/boards/rz600/led.o
                0x80002058                LED_Toggle
 .text.flashc_set_wait_state
                0x800020a4        0xe src/ASF/avr32/drivers/flashc/flashc.o
                0x800020a4                flashc_set_wait_state
 *fill*         0x800020b2        0x2 d703d703
 .text.flashc_set_bus_freq
                0x800020b4       0x24 src/ASF/avr32/drivers/flashc/flashc.o
                0x800020b4                flashc_set_bus_freq
 .text.gpio_enable_module_pin
                0x800020d8       0x52 src/ASF/avr32/drivers/gpio/gpio.o
                0x800020d8                gpio_enable_module_pin
 *fill*         0x8000212a        0x2 d703d703
 .text.gpio_enable_module
                0x8000212c       0x30 src/ASF/avr32/drivers/gpio/gpio.o
                0x8000212c                gpio_enable_module
 .text.gpio_configure_pin
                0x8000215c       0xb8 src/ASF/avr32/drivers/gpio/gpio.o
                0x8000215c                gpio_configure_pin
 .text.gpio_set_pin_high
                0x80002214       0x16 src/ASF/avr32/drivers/gpio/gpio.o
                0x80002214                gpio_set_pin_high
 .text.gpio_set_pin_low
                0x8000222a       0x16 src/ASF/avr32/drivers/gpio/gpio.o
                0x8000222a                gpio_set_pin_low
 .text.gpio_enable_pin_interrupt
                0x80002240       0x46 src/ASF/avr32/drivers/gpio/gpio.o
                0x80002240                gpio_enable_pin_interrupt
 .text.gpio_disable_pin_interrupt
                0x80002286       0x16 src/ASF/avr32/drivers/gpio/gpio.o
                0x80002286                gpio_disable_pin_interrupt
 .text.gpio_clear_pin_interrupt_flag
                0x8000229c       0x16 src/ASF/avr32/drivers/gpio/gpio.o
                0x8000229c                gpio_clear_pin_interrupt_flag
 .text._unhandled_interrupt
                0x800022b2        0x2 src/ASF/avr32/drivers/intc/intc.o
 .text.INTC_register_interrupt
                0x800022b4       0x80 src/ASF/avr32/drivers/intc/intc.o
                0x800022b4                INTC_register_interrupt
 .text.INTC_init_interrupts
                0x80002334       0x54 src/ASF/avr32/drivers/intc/intc.o
                0x80002334                INTC_init_interrupts
 .text._get_interrupt_handler
                0x80002388       0x38 src/ASF/avr32/drivers/intc/intc.o
                0x80002388                _get_interrupt_handler
 .text.getBaudDiv
                0x800023c0       0x20 src/ASF/avr32/drivers/spi/spi.o
                0x800023c0                getBaudDiv
 .text.spi_selectChip
                0x800023e0       0x4c src/ASF/avr32/drivers/spi/spi.o
                0x800023e0                spi_selectChip
 .text.spi_unselectChip
                0x8000242c       0x26 src/ASF/avr32/drivers/spi/spi.o
                0x8000242c                spi_unselectChip
 .text.spi_enable
                0x80002452        0x6 src/ASF/avr32/drivers/spi/spi.o
                0x80002452                spi_enable
 .text.udd_detach
                0x80002458       0x1c src/ASF/avr32/drivers/usbb/usbb_device.o
                0x80002458                udd_detach
 .text.udd_is_high_speed
                0x80002474        0xe src/ASF/avr32/drivers/usbb/usbb_device.o
                0x80002474                udd_is_high_speed
 .text.udd_set_address
                0x80002482       0x22 src/ASF/avr32/drivers/usbb/usbb_device.o
                0x80002482                udd_set_address
 .text.udd_getaddress
                0x800024a4        0xc src/ASF/avr32/drivers/usbb/usbb_device.o
                0x800024a4                udd_getaddress
 .text.udd_get_frame_number
                0x800024b0        0xc src/ASF/avr32/drivers/usbb/usbb_device.o
                0x800024b0                udd_get_frame_number
 .text.udd_get_micro_frame_number
                0x800024bc        0xc src/ASF/avr32/drivers/usbb/usbb_device.o
                0x800024bc                udd_get_micro_frame_number
 .text.udd_set_setup_payload
                0x800024c8        0xc src/ASF/avr32/drivers/usbb/usbb_device.o
                0x800024c8                udd_set_setup_payload
 .text.udd_ep_is_halted
                0x800024d4       0x12 src/ASF/avr32/drivers/usbb/usbb_device.o
                0x800024d4                udd_ep_is_halted
 *fill*         0x800024e6        0x2 d703d703
 .text.udd_ep_set_halt
                0x800024e8       0xa8 src/ASF/avr32/drivers/usbb/usbb_device.o
                0x800024e8                udd_ep_set_halt
 .text.udd_ep_clear_halt
                0x80002590       0xc8 src/ASF/avr32/drivers/usbb/usbb_device.o
                0x80002590                udd_ep_clear_halt
 .text.udd_test_mode_j
                0x80002658       0x16 src/ASF/avr32/drivers/usbb/usbb_device.o
                0x80002658                udd_test_mode_j
 .text.udd_test_mode_k
                0x8000266e       0x16 src/ASF/avr32/drivers/usbb/usbb_device.o
                0x8000266e                udd_test_mode_k
 .text.udd_test_mode_se0_nak
                0x80002684       0x10 src/ASF/avr32/drivers/usbb/usbb_device.o
                0x80002684                udd_test_mode_se0_nak
 .text.udd_ctrl_stall_data
                0x80002694       0x18 src/ASF/avr32/drivers/usbb/usbb_device.o
 .text.udd_ctrl_endofrequest
                0x800026ac       0x14 src/ASF/avr32/drivers/usbb/usbb_device.o
 .text.udd_ep_finish_job
                0x800026c0       0x3a src/ASF/avr32/drivers/usbb/usbb_device.o
 *fill*         0x800026fa        0x2 d703d703
 .text.udd_ep_abort_job
                0x800026fc       0x24 src/ASF/avr32/drivers/usbb/usbb_device.o
 .text.udd_ep_abort
                0x80002720       0x68 src/ASF/avr32/drivers/usbb/usbb_device.o
                0x80002720                udd_ep_abort
 .text.udd_ep_free
                0x80002788       0x58 src/ASF/avr32/drivers/usbb/usbb_device.o
                0x80002788                udd_ep_free
 .text.udd_test_mode_packet
                0x800027e0       0xc4 src/ASF/avr32/drivers/usbb/usbb_device.o
                0x800027e0                udd_test_mode_packet
 .text.udd_ep_trans_done
                0x800028a4      0x158 src/ASF/avr32/drivers/usbb/usbb_device.o
 .text.udd_ep_run
                0x800029fc       0x9c src/ASF/avr32/drivers/usbb/usbb_device.o
                0x800029fc                udd_ep_run
 .text.udd_ep_alloc
                0x80002a98      0x174 src/ASF/avr32/drivers/usbb/usbb_device.o
                0x80002a98                udd_ep_alloc
 .text.udd_attach
                0x80002c0c       0x58 src/ASF/avr32/drivers/usbb/usbb_device.o
                0x80002c0c                udd_attach
 .text.udd_ctrl_send_zlp_in
                0x80002c64       0x30 src/ASF/avr32/drivers/usbb/usbb_device.o
 .text.udd_ctrl_init
                0x80002c94       0x38 src/ASF/avr32/drivers/usbb/usbb_device.o
 .text.udd_ctrl_in_sent
                0x80002ccc      0x140 src/ASF/avr32/drivers/usbb/usbb_device.o
 .text.udd_enable
                0x80002e0c       0xcc src/ASF/avr32/drivers/usbb/usbb_device.o
                0x80002e0c                udd_enable
 .text.udd_interrupt
                0x80002ed8      0x61c src/ASF/avr32/drivers/usbb/usbb_device.o
 .text._stext   0x800034f4       0x40 src/ASF/avr32/utils/startup/startup_uc3.o
                                 0x50 (size before relaxing)
                0x800034f4                _stext
 .text.handle_tal_state
                0x80003534       0x24 src/ASF/common/components/wireless/at86rf212/at86rf212.o
                0x80003534                handle_tal_state
 .text.switch_pll_on
                0x80003558       0x90 src/ASF/common/components/wireless/at86rf212/at86rf212.o
 .text.set_trx_state
                0x800035e8      0x1b0 src/ASF/common/components/wireless/at86rf212/at86rf212.o
 .text.tx_frame_config
                0x80003798       0x40 src/ASF/common/components/wireless/at86rf212/at86rf212.o
                0x80003798                tx_frame_config
 .text.trx_irq_handler_cb
                0x800037d8       0x84 src/ASF/common/components/wireless/at86rf212/at86rf212.o
                0x800037d8                trx_irq_handler_cb
 .text.tal_init
                0x8000385c      0x3d0 src/ASF/common/components/wireless/at86rf212/at86rf212.o
                0x8000385c                tal_init
 .text.pal_trx_init
                0x80003c2c       0xcc src/ASF/common/components/wireless/at86rfx_driver.o
                0x80003c2c                pal_trx_init
 .text.ext_int_isr
                0x80003cf8       0x18 src/ASF/common/components/wireless/at86rfx_driver.o
 .text.at86rfx_task
                0x80003d10       0x30 src/ASF/common/components/wireless/at86rfx_driver.o
                0x80003d10                at86rfx_task
 .text.pal_trx_frame_write
                0x80003d40       0x64 src/ASF/common/components/wireless/at86rfx_driver.o
                0x80003d40                pal_trx_frame_write
 .text.at86rfx_tx_frame
                0x80003da4       0x38 src/ASF/common/components/wireless/at86rfx_driver.o
                0x80003da4                at86rfx_tx_frame
 .text.pal_trx_reg_write
                0x80003ddc       0x6c src/ASF/common/components/wireless/at86rfx_driver.o
                0x80003ddc                pal_trx_reg_write
 .text.pal_trx_frame_read
                0x80003e48       0x68 src/ASF/common/components/wireless/at86rfx_driver.o
                0x80003e48                pal_trx_frame_read
 .text.pal_trx_reg_read
                0x80003eb0       0x74 src/ASF/common/components/wireless/at86rfx_driver.o
                0x80003eb0                pal_trx_reg_read
 .text.pal_trx_bit_write
                0x80003f24       0x38 src/ASF/common/components/wireless/at86rfx_driver.o
                0x80003f24                pal_trx_bit_write
 .text.at86rfx_init
                0x80003f5c       0x40 src/ASF/common/components/wireless/at86rfx_driver.o
                0x80003f5c                at86rfx_init
 .text.pal_trx_bit_read
                0x80003f9c       0x24 src/ASF/common/components/wireless/at86rfx_driver.o
                0x80003f9c                pal_trx_bit_read
 .text.sysclk_init
                0x80003fc0       0x90 src/ASF/common/services/clock/uc3a3_a4/sysclk.o
                0x80003fc0                sysclk_init
 .text.sysclk_priv_enable_module
                0x80004050       0x30 src/ASF/common/services/clock/uc3a3_a4/sysclk.o
                0x80004050                sysclk_priv_enable_module
 .text.sysclk_enable_pbb_module
                0x80004080       0x58 src/ASF/common/services/clock/uc3a3_a4/sysclk.o
                0x80004080                sysclk_enable_pbb_module
 .text.sysclk_enable_usb
                0x800040d8       0x5c src/ASF/common/services/clock/uc3a3_a4/sysclk.o
                0x800040d8                sysclk_enable_usb
 .text.spi_read_packet
                0x80004134       0x50 src/ASF/common/services/spi/uc3_spi/spi_master.o
                0x80004134                spi_read_packet
 .text.spi_write_packet
                0x80004184       0x2c src/ASF/common/services/spi/uc3_spi/spi_master.o
                0x80004184                spi_write_packet
 .text.spi_master_setup_device
                0x800041b0      0x31c src/ASF/common/services/spi/uc3_spi/spi_master.o
                0x800041b0                spi_master_setup_device
 .text.udi_cdc_comm_disable
                0x800044cc       0x10 src/ASF/common/services/usb/class/cdc/device/udi_cdc.o
                0x800044cc                udi_cdc_comm_disable
 .text.udi_cdc_data_setup
                0x800044dc        0x2 src/ASF/common/services/usb/class/cdc/device/udi_cdc.o
                0x800044dc                udi_cdc_data_setup
 .text.udi_cdc_getsetting
                0x800044de        0x2 src/ASF/common/services/usb/class/cdc/device/udi_cdc.o
                0x800044de                udi_cdc_getsetting
 .text.udi_cdc_setup_to_port
                0x800044e0        0x2 src/ASF/common/services/usb/class/cdc/device/udi_cdc.o
 *fill*         0x800044e2        0x2 d703d703
 .text.udi_cdc_comm_setup
                0x800044e4       0xa4 src/ASF/common/services/usb/class/cdc/device/udi_cdc.o
                0x800044e4                udi_cdc_comm_setup
 .text.udi_cdc_line_coding_received
                0x80004588        0x2 src/ASF/common/services/usb/class/cdc/device/udi_cdc.o
 *fill*         0x8000458a        0x2 d703d703
 .text.udi_cdc_multi_get_free_tx_buffer
                0x8000458c       0x5c src/ASF/common/services/usb/class/cdc/device/udi_cdc.o
                0x8000458c                udi_cdc_multi_get_free_tx_buffer
 .text.udi_cdc_multi_is_tx_ready
                0x800045e8       0x10 src/ASF/common/services/usb/class/cdc/device/udi_cdc.o
                0x800045e8                udi_cdc_multi_is_tx_ready
 .text.udi_cdc_multi_write_buf
                0x800045f8       0xa0 src/ASF/common/services/usb/class/cdc/device/udi_cdc.o
                0x800045f8                udi_cdc_multi_write_buf
 .text.udi_cdc_write_buf
                0x80004698       0x14 src/ASF/common/services/usb/class/cdc/device/udi_cdc.o
                0x80004698                udi_cdc_write_buf
 .text.udi_cdc_multi_get_nb_received_data
                0x800046ac       0x30 src/ASF/common/services/usb/class/cdc/device/udi_cdc.o
                0x800046ac                udi_cdc_multi_get_nb_received_data
 .text.udi_cdc_multi_is_rx_ready
                0x800046dc       0x10 src/ASF/common/services/usb/class/cdc/device/udi_cdc.o
                0x800046dc                udi_cdc_multi_is_rx_ready
 .text.udi_cdc_is_rx_ready
                0x800046ec       0x10 src/ASF/common/services/usb/class/cdc/device/udi_cdc.o
                0x800046ec                udi_cdc_is_rx_ready
 .text.udi_cdc_rx_start
                0x800046fc       0x98 src/ASF/common/services/usb/class/cdc/device/udi_cdc.o
 .text.udi_cdc_multi_getc
                0x80004794       0x88 src/ASF/common/services/usb/class/cdc/device/udi_cdc.o
                0x80004794                udi_cdc_multi_getc
 .text.udi_cdc_getc
                0x8000481c       0x10 src/ASF/common/services/usb/class/cdc/device/udi_cdc.o
                0x8000481c                udi_cdc_getc
 .text.udi_cdc_data_received
                0x8000482c       0x5c src/ASF/common/services/usb/class/cdc/device/udi_cdc.o
 .text.udi_cdc_tx_send
                0x80004888      0x138 src/ASF/common/services/usb/class/cdc/device/udi_cdc.o
 .text.udi_cdc_data_sof_notify
                0x800049c0       0x10 src/ASF/common/services/usb/class/cdc/device/udi_cdc.o
                0x800049c0                udi_cdc_data_sof_notify
 .text.udi_cdc_data_sent
                0x800049d0       0x40 src/ASF/common/services/usb/class/cdc/device/udi_cdc.o
 .text.udi_cdc_data_enable
                0x80004a10       0x98 src/ASF/common/services/usb/class/cdc/device/udi_cdc.o
                0x80004a10                udi_cdc_data_enable
 .text.udi_cdc_data_disable
                0x80004aa8       0x24 src/ASF/common/services/usb/class/cdc/device/udi_cdc.o
                0x80004aa8                udi_cdc_data_disable
 .text.udi_cdc_comm_enable
                0x80004acc       0x60 src/ASF/common/services/usb/class/cdc/device/udi_cdc.o
                0x80004acc                udi_cdc_comm_enable
 .text.udc_sof_notify
                0x80004b2c       0x50 src/ASF/common/services/usb/udc/udc.o
                0x80004b2c                udc_sof_notify
 .text.udc_get_eof_conf
                0x80004b7c       0x20 src/ASF/common/services/usb/udc/udc.o
 .text.udc_update_iface_desc
                0x80004b9c       0x84 src/ASF/common/services/usb/udc/udc.o
 .text.udc_next_desc_in_iface
                0x80004c20       0x50 src/ASF/common/services/usb/udc/udc.o
 .text.udc_valid_address
                0x80004c70       0x18 src/ASF/common/services/usb/udc/udc.o
 .text.udc_iface_enable
                0x80004c88       0x60 src/ASF/common/services/usb/udc/udc.o
 .text.udc_iface_disable
                0x80004ce8       0x64 src/ASF/common/services/usb/udc/udc.o
 .text.udc_reset
                0x80004d4c       0x60 src/ASF/common/services/usb/udc/udc.o
                0x80004d4c                udc_reset
 .text.udc_process_setup
                0x80004dac      0x718 src/ASF/common/services/usb/udc/udc.o
                0x80004dac                udc_process_setup
 .text.udc_start
                0x800054c4        0xc src/ASF/common/services/usb/udc/udc.o
                0x800054c4                udc_start
 .text.main_cdc_enable
                0x800054d0        0xc src/main.o
                0x800054d0                main_cdc_enable
 .text.main_cdc_disable
                0x800054dc        0xc src/main.o
                0x800054dc                main_cdc_disable
 .text.usb_rx_notify
                0x800054e8        0xc src/main.o
                0x800054e8                usb_rx_notify
 .text.at86rfx_tal_rx_frame_cb
                0x800054f4       0x1c src/main.o
                0x800054f4                at86rfx_tal_rx_frame_cb
 .text.at86rfx_tal_tx_status_cb
                0x80005510       0x4c src/main.o
                0x80005510                at86rfx_tal_tx_status_cb
 .text.main     0x8000555c       0xe8 src/main.o
                0x8000555c                main
 .text          0x80005644      0x264 c:/program files (x86)/atmel/atmel toolchain/avr32 gcc/native/3.4.1057/avr32-gnu-toolchain/bin/../lib/gcc/avr32/4.4.7/ucr2\libgcc.a(_udivdi3.o)
                0x80005644                __avr32_udiv64
                0x80005644                __udivdi3
 .text          0x800058a8      0x148 c:/program files (x86)/atmel/atmel toolchain/avr32 gcc/native/3.4.1057/avr32-gnu-toolchain/bin/../lib/gcc/avr32/4.4.7/../../../../avr32/lib/ucr2\libc.a(lib_a-memcpy.o)
                0x800058a8                memcpy
 .text.srand    0x800059f0       0x50 c:/program files (x86)/atmel/atmel toolchain/avr32 gcc/native/3.4.1057/avr32-gnu-toolchain/bin/../lib/gcc/avr32/4.4.7/../../../../avr32/lib/ucr2\libc.a(lib_a-rand.o)
                                 0x58 (size before relaxing)
                0x800059f0                srand
 .text.malloc   0x80005a40       0x10 c:/program files (x86)/atmel/atmel toolchain/avr32 gcc/native/3.4.1057/avr32-gnu-toolchain/bin/../lib/gcc/avr32/4.4.7/../../../../avr32/lib/ucr2\libc.a(lib_a-malloc.o)
                                 0x18 (size before relaxing)
                0x80005a40                malloc
 .text._malloc_r
                0x80005a50      0x428 c:/program files (x86)/atmel/atmel toolchain/avr32 gcc/native/3.4.1057/avr32-gnu-toolchain/bin/../lib/gcc/avr32/4.4.7/../../../../avr32/lib/ucr2\libc.a(lib_a-mallocr.o)
                                0x450 (size before relaxing)
                0x80005a50                _malloc_r
 .text.__malloc_lock
                0x80005e78        0x2 c:/program files (x86)/atmel/atmel toolchain/avr32 gcc/native/3.4.1057/avr32-gnu-toolchain/bin/../lib/gcc/avr32/4.4.7/../../../../avr32/lib/ucr2\libc.a(lib_a-mlock.o)
                0x80005e78                __malloc_lock
 .text.__malloc_unlock
                0x80005e7a        0x2 c:/program files (x86)/atmel/atmel toolchain/avr32 gcc/native/3.4.1057/avr32-gnu-toolchain/bin/../lib/gcc/avr32/4.4.7/../../../../avr32/lib/ucr2\libc.a(lib_a-mlock.o)
                0x80005e7a                __malloc_unlock
 .text._sbrk_r  0x80005e7c       0x20 c:/program files (x86)/atmel/atmel toolchain/avr32 gcc/native/3.4.1057/avr32-gnu-toolchain/bin/../lib/gcc/avr32/4.4.7/../../../../avr32/lib/ucr2\libc.a(lib_a-sbrkr.o)
                                 0x28 (size before relaxing)
                0x80005e7c                _sbrk_r
 .text._sbrk    0x80005e9c       0x38 c:/program files (x86)/atmel/atmel toolchain/avr32 gcc/native/3.4.1057/avr32-gnu-toolchain/bin/../lib/gcc/avr32/4.4.7/../../../../avr32/lib/ucr2\libc.a(lib_a-syscalls.o)
                                 0x40 (size before relaxing)
                0x80005e9c                _sbrk
 .text.__errno  0x80005ed4        0xc c:/program files (x86)/atmel/atmel toolchain/avr32 gcc/native/3.4.1057/avr32-gnu-toolchain/bin/../lib/gcc/avr32/4.4.7/../../../../avr32/lib/ucr2\libc.a(lib_a-errno.o)
                0x80005ed4                __errno
 .text._malloc_trim_r
                0x80005ee0       0x8c c:/program files (x86)/atmel/atmel toolchain/avr32 gcc/native/3.4.1057/avr32-gnu-toolchain/bin/../lib/gcc/avr32/4.4.7/../../../../avr32/lib/ucr2\libc.a(lib_a-freer.o)
                                 0xa8 (size before relaxing)
                0x80005ee0                _malloc_trim_r
 .text._free_r  0x80005f6c      0x184 c:/program files (x86)/atmel/atmel toolchain/avr32 gcc/native/3.4.1057/avr32-gnu-toolchain/bin/../lib/gcc/avr32/4.4.7/../../../../avr32/lib/ucr2\libc.a(lib_a-freer.o)
                                0x1a0 (size before relaxing)
                0x80005f6c                _free_r
 *(.text.*personality*)
 *(.gnu.warning)

.exception      0x80006200      0x200
 .exception     0x80006200      0x200 src/ASF/avr32/drivers/intc/exception.o
                0x80006200                _evba
                0x80006304                _int0
                0x80006312                _int1
                0x80006320                _int2
                0x8000632e                _int3

.fini
 *(.fini)
                0x80006400                PROVIDE (__etext, .)
                0x80006400                PROVIDE (_etext, .)
                0x80006400                PROVIDE (etext, .)

.rodata         0x80006400      0x19c
 *(.rodata .rodata.* .gnu.linkonce.r.*)
 .rodata.LED_DESCRIPTOR
                0x80006400       0x10 src/ASF/avr32/boards/rz600/led.o
 .rodata._int_handler_table
                0x80006410       0xf0 src/ASF/avr32/drivers/intc/intc.o
 .rodata.C.68.15232
                0x80006500       0x38 src/ASF/avr32/drivers/usbb/usbb_device.o
 .rodata.str1.4
                0x80006538        0x4 c:/program files (x86)/atmel/atmel toolchain/avr32 gcc/native/3.4.1057/avr32-gnu-toolchain/bin/../lib/gcc/avr32/4.4.7/../../../../avr32/lib/ucr2\libc.a(lib_a-impure.o)
 .rodata.__sf_fake_stdin
                0x8000653c       0x20 c:/program files (x86)/atmel/atmel toolchain/avr32 gcc/native/3.4.1057/avr32-gnu-toolchain/bin/../lib/gcc/avr32/4.4.7/../../../../avr32/lib/ucr2\libc.a(lib_a-findfp.o)
                0x8000653c                __sf_fake_stdin
 .rodata.__sf_fake_stdout
                0x8000655c       0x20 c:/program files (x86)/atmel/atmel toolchain/avr32 gcc/native/3.4.1057/avr32-gnu-toolchain/bin/../lib/gcc/avr32/4.4.7/../../../../avr32/lib/ucr2\libc.a(lib_a-findfp.o)
                0x8000655c                __sf_fake_stdout
 .rodata.__sf_fake_stderr
                0x8000657c       0x20 c:/program files (x86)/atmel/atmel toolchain/avr32 gcc/native/3.4.1057/avr32-gnu-toolchain/bin/../lib/gcc/avr32/4.4.7/../../../../avr32/lib/ucr2\libc.a(lib_a-findfp.o)
                0x8000657c                __sf_fake_stderr

.rodata1
 *(.rodata1)

.eh_frame_hdr
 *(.eh_frame_hdr)

.eh_frame
 *(.eh_frame)

.gcc_except_table
 *(.gcc_except_table)
 *(.gcc_except_table.*)

.lalign         0x8000659c        0x4
                0x800065a0                . = ALIGN (0x8)
 *fill*         0x8000659c        0x4 
                0x800065a0                PROVIDE (_data_lma, .)
                0x00000004                . = ORIGIN (INTRAM)

.dalign         0x00000004        0x4
                0x00000008                . = ALIGN (0x8)
 *fill*         0x00000004        0x4 
                0x00000008                PROVIDE (_data, .)

.eh_frame
 *(.eh_frame)

.gcc_except_table
 *(.gcc_except_table)
 *(.gcc_except_table.*)

.tdata
 *(.tdata .tdata.* .gnu.linkonce.td.*)

.tbss
 *(.tbss .tbss.* .gnu.linkonce.tb.*)
 *(.tcommon)
                0x00000008                PROVIDE (__preinit_array_start, ALIGN (0x4))

.preinit_array
 *(.preinit_array)
                0x00000008                PROVIDE (__preinit_array_end, .)
                0x00000008                PROVIDE (__init_array_start, .)

.init_array
 *(.init_array)
                0x00000008                PROVIDE (__init_array_end, .)
                0x00000008                PROVIDE (__fini_array_start, .)

.fini_array
 *(.fini_array)
                0x00000008                PROVIDE (__fini_array_end, .)

.ctors
 *crtbegin*.o(.ctors)
 *(EXCLUDE_FILE(*crtend*.o) .ctors)
 *(SORT(.ctors.*))
 *(.ctors)

.dtors
 *crtbegin*.o(.dtors)
 *(EXCLUDE_FILE(*crtend*.o) .dtors)
 *(SORT(.dtors.*))
 *(.dtors)

.jcr
 *(.jcr)

.data.rel.ro
 *(.data.rel.ro.local)
 *(.data.rel.ro*)

.dynamic
 *(.dynamic)

.got
 *(.got.plt)
 *(.got)

.ramtext
 *(.ramtext .ramtext.*)

.ddalign        0x00000008        0x0 load address 0x800065a0
                0x00000008                . = ALIGN (0x8)

.data           0x00000008      0x668 load address 0x800065a0
 *(.data .data.* .gnu.linkonce.d.*)
 .data.AT86RFX_SPI_GPIO_MAP.13886
                0x00000008       0x20 src/ASF/avr32/boards/rz600/init.o
 .data.LED_State
                0x00000028        0x4 src/ASF/avr32/boards/rz600/led.o
 .data.udi_api_cdc_data
                0x0000002c       0x14 src/ASF/common/services/usb/class/cdc/device/udi_cdc.o
                0x0000002c                udi_api_cdc_data
 .data.udi_api_cdc_comm
                0x00000040       0x14 src/ASF/common/services/usb/class/cdc/device/udi_cdc.o
                0x00000040                udi_api_cdc_comm
 .data.udc_config_hs
                0x00000054        0x8 src/ASF/common/services/usb/class/cdc/device/udi_cdc_desc.o
                0x00000054                udc_config_hs
 .data.udc_desc_hs
                0x0000005c       0x44 src/ASF/common/services/usb/class/cdc/device/udi_cdc_desc.o
                0x0000005c                udc_desc_hs
 .data.udi_apis
                0x000000a0        0x8 src/ASF/common/services/usb/class/cdc/device/udi_cdc_desc.o
                0x000000a0                udi_apis
 .data.udc_device_qual
                0x000000a8        0xc src/ASF/common/services/usb/class/cdc/device/udi_cdc_desc.o
                0x000000a8                udc_device_qual
 .data.udc_config
                0x000000b4       0x18 src/ASF/common/services/usb/class/cdc/device/udi_cdc_desc.o
                0x000000b4                udc_config
 .data.udc_config_fs
                0x000000cc        0x8 src/ASF/common/services/usb/class/cdc/device/udi_cdc_desc.o
                0x000000cc                udc_config_fs
 .data.udc_device_desc
                0x000000d4       0x14 src/ASF/common/services/usb/class/cdc/device/udi_cdc_desc.o
                0x000000d4                udc_device_desc
 .data.udc_desc_fs
                0x000000e8       0x44 src/ASF/common/services/usb/class/cdc/device/udi_cdc_desc.o
                0x000000e8                udc_desc_fs
 .data.udc_string_product_name
                0x0000012c       0x10 src/ASF/common/services/usb/udc/udc.o
 .data.udc_string_manufacturer_name
                0x0000013c        0xc src/ASF/common/services/usb/udc/udc.o
 .data.udc_string_desc
                0x00000148       0x20 src/ASF/common/services/usb/udc/udc.o
 .data.udc_string_desc_languageid
                0x00000168        0x4 src/ASF/common/services/usb/udc/udc.o
 .data.impure_data
                0x0000016c       0xf0 c:/program files (x86)/atmel/atmel toolchain/avr32 gcc/native/3.4.1057/avr32-gnu-toolchain/bin/../lib/gcc/avr32/4.4.7/../../../../avr32/lib/ucr2\libc.a(lib_a-impure.o)
 .data._impure_ptr
                0x0000025c        0x4 c:/program files (x86)/atmel/atmel toolchain/avr32 gcc/native/3.4.1057/avr32-gnu-toolchain/bin/../lib/gcc/avr32/4.4.7/../../../../avr32/lib/ucr2\libc.a(lib_a-impure.o)
                0x0000025c                _impure_ptr
 .data.__malloc_av_
                0x00000260      0x408 c:/program files (x86)/atmel/atmel toolchain/avr32 gcc/native/3.4.1057/avr32-gnu-toolchain/bin/../lib/gcc/avr32/4.4.7/../../../../avr32/lib/ucr2\libc.a(lib_a-mallocr.o)
                0x00000260                __malloc_av_
 .data.__malloc_trim_threshold
                0x00000668        0x4 c:/program files (x86)/atmel/atmel toolchain/avr32 gcc/native/3.4.1057/avr32-gnu-toolchain/bin/../lib/gcc/avr32/4.4.7/../../../../avr32/lib/ucr2\libc.a(lib_a-mallocr.o)
                0x00000668                __malloc_trim_threshold
 .data.__malloc_sbrk_base
                0x0000066c        0x4 c:/program files (x86)/atmel/atmel toolchain/avr32 gcc/native/3.4.1057/avr32-gnu-toolchain/bin/../lib/gcc/avr32/4.4.7/../../../../avr32/lib/ucr2\libc.a(lib_a-mallocr.o)
                0x0000066c                __malloc_sbrk_base
 *(.gnu.linkonce.d.*personality*)

.data1
 *(.data1)

.balign         0x00000670        0x0 load address 0x80006c08
                0x00000670                . = ALIGN (0x8)
                0x00000670                PROVIDE (_edata, .)
                0x00000670                PROVIDE (edata, .)
                0x00000670                __bss_start = .

.bss            0x00000670      0xc38
 *(.dynbss)
 *(.bss .bss.* .gnu.linkonce.b.*)
 .bss._int_line_handler_table_0
                0x00000670        0x4 src/ASF/avr32/drivers/intc/intc.o
 .bss._int_line_handler_table_1
                0x00000674       0x2c src/ASF/avr32/drivers/intc/intc.o
 .bss._int_line_handler_table_2
                0x000006a0       0x38 src/ASF/avr32/drivers/intc/intc.o
 .bss._int_line_handler_table_21
                0x000006d8        0x4 src/ASF/avr32/drivers/intc/intc.o
 .bss._int_line_handler_table_22
                0x000006dc       0x14 src/ASF/avr32/drivers/intc/intc.o
 .bss._int_line_handler_table_23
                0x000006f0        0x4 src/ASF/avr32/drivers/intc/intc.o
 .bss._int_line_handler_table_16
                0x000006f4        0xc src/ASF/avr32/drivers/intc/intc.o
 .bss._int_line_handler_table_10
                0x00000700        0x4 src/ASF/avr32/drivers/intc/intc.o
 .bss._int_line_handler_table_11
                0x00000704        0x4 src/ASF/avr32/drivers/intc/intc.o
 .bss._int_line_handler_table_12
                0x00000708        0x4 src/ASF/avr32/drivers/intc/intc.o
 .bss._int_line_handler_table_13
                0x0000070c        0x4 src/ASF/avr32/drivers/intc/intc.o
 .bss._int_line_handler_table_14
                0x00000710        0xc src/ASF/avr32/drivers/intc/intc.o
 .bss._int_line_handler_table_15
                0x0000071c        0x4 src/ASF/avr32/drivers/intc/intc.o
 .bss._int_line_handler_table_20
                0x00000720        0x4 src/ASF/avr32/drivers/intc/intc.o
 .bss._int_line_handler_table_17
                0x00000724        0x4 src/ASF/avr32/drivers/intc/intc.o
 .bss._int_line_handler_table_18
                0x00000728        0x4 src/ASF/avr32/drivers/intc/intc.o
 .bss._int_line_handler_table_19
                0x0000072c        0x4 src/ASF/avr32/drivers/intc/intc.o
 .bss._int_line_handler_table_3
                0x00000730       0x20 src/ASF/avr32/drivers/intc/intc.o
 .bss._int_line_handler_table_4
                0x00000750        0x4 src/ASF/avr32/drivers/intc/intc.o
 .bss._int_line_handler_table_5
                0x00000754        0x4 src/ASF/avr32/drivers/intc/intc.o
 .bss._int_line_handler_table_6
                0x00000758        0x4 src/ASF/avr32/drivers/intc/intc.o
 .bss._int_line_handler_table_7
                0x0000075c        0x4 src/ASF/avr32/drivers/intc/intc.o
 .bss._int_line_handler_table_8
                0x00000760        0x4 src/ASF/avr32/drivers/intc/intc.o
 .bss._int_line_handler_table_9
                0x00000764        0x4 src/ASF/avr32/drivers/intc/intc.o
 .bss._int_line_handler_table_24
                0x00000768        0x4 src/ASF/avr32/drivers/intc/intc.o
 .bss._int_line_handler_table_26
                0x0000076c        0x4 src/ASF/avr32/drivers/intc/intc.o
 .bss._int_line_handler_table_25
                0x00000770        0x4 src/ASF/avr32/drivers/intc/intc.o
 .bss._int_line_handler_table_27
                0x00000774        0x4 src/ASF/avr32/drivers/intc/intc.o
 .bss._int_line_handler_table_28
                0x00000778        0x4 src/ASF/avr32/drivers/intc/intc.o
 .bss._int_line_handler_table_29
                0x0000077c        0x4 src/ASF/avr32/drivers/intc/intc.o
 .bss.udd_ctrl_prev_payload_nb_trans
                0x00000780        0x2 src/ASF/avr32/drivers/usbb/usbb_device.o
 *fill*         0x00000782        0x2 
 .bss.udd_ep_job
                0x00000784       0x3c src/ASF/avr32/drivers/usbb/usbb_device.o
 .bss.udd_ctrl_payload_nb_trans
                0x000007c0        0x2 src/ASF/avr32/drivers/usbb/usbb_device.o
 *fill*         0x000007c2        0x2 
 .bss.udd_ep_control_state
                0x000007c4        0x4 src/ASF/avr32/drivers/usbb/usbb_device.o
 .bss.b_shortpacket.15357
                0x000007c8        0x1 src/ASF/avr32/drivers/usbb/usbb_device.o
 .bss.tal_state
                0x000007c9        0x1 src/ASF/common/components/wireless/at86rf212/at86rf212.o
 .bss.tal_trx_status
                0x000007ca        0x1 src/ASF/common/components/wireless/at86rf212/at86rf212.o
 .bss.at86rfx_frame_rx
                0x000007cb        0x1 src/ASF/common/components/wireless/at86rfx_driver.o
                0x000007cb                at86rfx_frame_rx
 .bss.SPI_AT86RFX_DEVICE
                0x000007cc        0x1 src/ASF/common/components/wireless/at86rfx_driver.o
                0x000007cc                SPI_AT86RFX_DEVICE
 *fill*         0x000007cd        0x3 
 .bss.sysclk_bus_refcount
                0x000007d0        0x4 src/ASF/common/services/clock/uc3a3_a4/sysclk.o
 .bss.udi_cdc_line_coding
                0x000007d4        0x8 src/ASF/common/services/usb/class/cdc/device/udi_cdc.o
 .bss.sof_zlp_counter.13935
                0x000007dc        0x2 src/ASF/common/services/usb/class/cdc/device/udi_cdc.o
 *fill*         0x000007de        0x2 
 .bss.udi_cdc_tx_buf_sel
                0x000007e0        0x4 src/ASF/common/services/usb/class/cdc/device/udi_cdc.o
 .bss.udi_cdc_tx_buf_nb
                0x000007e4        0x4 src/ASF/common/services/usb/class/cdc/device/udi_cdc.o
 .bss.udi_cdc_tx_buf
                0x000007e8      0x400 src/ASF/common/services/usb/class/cdc/device/udi_cdc.o
 .bss.udi_cdc_rx_buf_nb
                0x00000be8        0x4 src/ASF/common/services/usb/class/cdc/device/udi_cdc.o
 .bss.udi_cdc_nb_comm_enabled
                0x00000bec        0x1 src/ASF/common/services/usb/class/cdc/device/udi_cdc.o
 *fill*         0x00000bed        0x1 
 .bss.udi_cdc_rx_pos
                0x00000bee        0x2 src/ASF/common/services/usb/class/cdc/device/udi_cdc.o
 .bss.udi_cdc_tx_sof_num
                0x00000bf0        0x2 src/ASF/common/services/usb/class/cdc/device/udi_cdc.o
 .bss.udi_cdc_data_running
                0x00000bf2        0x1 src/ASF/common/services/usb/class/cdc/device/udi_cdc.o
 *fill*         0x00000bf3        0x1 
 .bss.udi_cdc_rx_buf_sel
                0x00000bf4        0x4 src/ASF/common/services/usb/class/cdc/device/udi_cdc.o
 .bss.udi_cdc_nb_data_enabled
                0x00000bf8        0x1 src/ASF/common/services/usb/class/cdc/device/udi_cdc.o
 *fill*         0x00000bf9        0x3 
 .bss.udi_cdc_tx_trans_ongoing
                0x00000bfc        0x4 src/ASF/common/services/usb/class/cdc/device/udi_cdc.o
 .bss.uid_cdc_state_msg
                0x00000c00        0xc src/ASF/common/services/usb/class/cdc/device/udi_cdc.o
 .bss.udi_cdc_rx_buf
                0x00000c0c      0x400 src/ASF/common/services/usb/class/cdc/device/udi_cdc.o
 .bss.udi_cdc_rx_trans_ongoing
                0x0000100c        0x4 src/ASF/common/services/usb/class/cdc/device/udi_cdc.o
 .bss.udi_cdc_tx_both_buf_to_send
                0x00001010        0x4 src/ASF/common/services/usb/class/cdc/device/udi_cdc.o
 .bss.udi_cdc_state
                0x00001014        0x2 src/ASF/common/services/usb/class/cdc/device/udi_cdc.o
 *fill*         0x00001016        0x2 
 .bss.udc_ptr_conf
                0x00001018        0x4 src/ASF/common/services/usb/udc/udc.o
 .bss.udc_iface_setting
                0x0000101c        0x4 src/ASF/common/services/usb/udc/udc.o
 .bss.udc_ep_status.13590
                0x00001020        0x2 src/ASF/common/services/usb/udc/udc.o
 .bss.udc_device_status
                0x00001022        0x2 src/ASF/common/services/usb/udc/udc.o
 .bss.udc_num_configuration
                0x00001024        0x4 src/ASF/common/services/usb/udc/udc.o
 .bss.udc_ptr_iface
                0x00001028        0x4 src/ASF/common/services/usb/udc/udc.o
 .bss.usb_rx_byte_rcvd
                0x0000102c        0x1 src/main.o
 *fill*         0x0000102d        0x3 
 .bss.tx_buffer
                0x00001030       0xc8 src/main.o
 .bss.usb_rx_buff_len
                0x000010f8        0x1 src/main.o
 *fill*         0x000010f9        0x3 
 .bss.usb_rx_buffer
                0x000010fc       0xc8 src/main.o
 .bss.tx_state  0x000011c4        0x4 src/main.o
 .bss.main_b_cdc_enable
                0x000011c8        0x1 src/main.o
 *fill*         0x000011c9        0x3 
 .bss.__malloc_max_total_mem
                0x000011cc        0x4 c:/program files (x86)/atmel/atmel toolchain/avr32 gcc/native/3.4.1057/avr32-gnu-toolchain/bin/../lib/gcc/avr32/4.4.7/../../../../avr32/lib/ucr2\libc.a(lib_a-mallocr.o)
                0x000011cc                __malloc_max_total_mem
 .bss.__malloc_max_sbrked_mem
                0x000011d0        0x4 c:/program files (x86)/atmel/atmel toolchain/avr32 gcc/native/3.4.1057/avr32-gnu-toolchain/bin/../lib/gcc/avr32/4.4.7/../../../../avr32/lib/ucr2\libc.a(lib_a-mallocr.o)
                0x000011d0                __malloc_max_sbrked_mem
 .bss.__malloc_top_pad
                0x000011d4        0x4 c:/program files (x86)/atmel/atmel toolchain/avr32 gcc/native/3.4.1057/avr32-gnu-toolchain/bin/../lib/gcc/avr32/4.4.7/../../../../avr32/lib/ucr2\libc.a(lib_a-mallocr.o)
                0x000011d4                __malloc_top_pad
 .bss.__malloc_current_mallinfo
                0x000011d8       0x28 c:/program files (x86)/atmel/atmel toolchain/avr32 gcc/native/3.4.1057/avr32-gnu-toolchain/bin/../lib/gcc/avr32/4.4.7/../../../../avr32/lib/ucr2\libc.a(lib_a-mallocr.o)
                0x000011d8                __malloc_current_mallinfo
 .bss.cur_heap_pos.1869
                0x00001200        0x4 c:/program files (x86)/atmel/atmel toolchain/avr32 gcc/native/3.4.1057/avr32-gnu-toolchain/bin/../lib/gcc/avr32/4.4.7/../../../../avr32/lib/ucr2\libc.a(lib_a-syscalls.o)
 *(COMMON)
 COMMON         0x00001204       0x18 src/ASF/avr32/drivers/usbb/usbb_device.o
                0x00001204                udd_g_ctrlreq
 COMMON         0x0000121c       0x82 src/ASF/common/components/wireless/at86rfx_driver.o
                0x0000121c                at86rfx_rx_buffer
 *fill*         0x0000129e        0x2 
 COMMON         0x000012a0        0x4 c:/program files (x86)/atmel/atmel toolchain/avr32 gcc/native/3.4.1057/avr32-gnu-toolchain/bin/../lib/gcc/avr32/4.4.7/../../../../avr32/lib/ucr2\libc.a(lib_a-reent.o)
                0x000012a0                errno
                0x000012a8                . = ALIGN (0x8)
 *fill*         0x000012a4        0x4 
                0x000012a8                . = ALIGN (0x8)
                0x000012a8                _end = .
                0x000012a8                PROVIDE (end, .)
                0x000012a8                __heap_start__ = ALIGN (0x8)

.heap           0x000012a8     0xdd58
 *(.heap)
                0x0000dd58                . = (__heap_size__ == __max_heap_size__)?(((ORIGIN (INTRAM) + 0xfffc) - __stack_size__) - ABSOLUTE (.)):__heap_size__
 *fill*         0x000012a8     0xdd58 
                0x0000f000                __heap_end__ = .

.stab
 *(.stab)

.stabstr
 *(.stabstr)

.stab.excl
 *(.stab.excl)

.stab.exclstr
 *(.stab.exclstr)

.stab.index
 *(.stab.index)

.stab.indexstr
 *(.stab.indexstr)

.comment        0x00000000       0x30
 *(.comment)
 .comment       0x00000000       0x30 src/ASF/avr32/boards/rz600/init.o
                                 0x31 (size before relaxing)
 .comment       0x00000000       0x31 src/ASF/avr32/boards/rz600/led.o
 .comment       0x00000000       0x31 src/ASF/avr32/drivers/flashc/flashc.o
 .comment       0x00000000       0x31 src/ASF/avr32/drivers/gpio/gpio.o
 .comment       0x00000000       0x31 src/ASF/avr32/drivers/intc/intc.o
 .comment       0x00000000       0x31 src/ASF/avr32/drivers/spi/spi.o
 .comment       0x00000000       0x31 src/ASF/avr32/drivers/usbb/usbb_device.o
 .comment       0x00000000       0x31 src/ASF/common/components/wireless/at86rf212/at86rf212.o
 .comment       0x00000000       0x31 src/ASF/common/components/wireless/at86rfx_driver.o
 .comment       0x00000000       0x31 src/ASF/common/services/clock/uc3a3_a4/sysclk.o
 .comment       0x00000000       0x31 src/ASF/common/services/spi/uc3_spi/spi_master.o
 .comment       0x00000000       0x31 src/ASF/common/services/usb/class/cdc/device/udi_cdc.o
 .comment       0x00000000       0x31 src/ASF/common/services/usb/class/cdc/device/udi_cdc_desc.o
 .comment       0x00000000       0x31 src/ASF/common/services/usb/udc/udc.o
 .comment       0x00000000       0x31 src/main.o
 .comment       0x00000000       0x31 c:/program files (x86)/atmel/atmel toolchain/avr32 gcc/native/3.4.1057/avr32-gnu-toolchain/bin/../lib/gcc/avr32/4.4.7/ucr2\libgcc.a(_udivdi3.o)
 .comment       0x00000000       0x31 c:/program files (x86)/atmel/atmel toolchain/avr32 gcc/native/3.4.1057/avr32-gnu-toolchain/bin/../lib/gcc/avr32/4.4.7/../../../../avr32/lib/ucr2\libc.a(lib_a-rand.o)
 .comment       0x00000000       0x31 c:/program files (x86)/atmel/atmel toolchain/avr32 gcc/native/3.4.1057/avr32-gnu-toolchain/bin/../lib/gcc/avr32/4.4.7/../../../../avr32/lib/ucr2\libc.a(lib_a-impure.o)
 .comment       0x00000000       0x31 c:/program files (x86)/atmel/atmel toolchain/avr32 gcc/native/3.4.1057/avr32-gnu-toolchain/bin/../lib/gcc/avr32/4.4.7/../../../../avr32/lib/ucr2\libc.a(lib_a-malloc.o)
 .comment       0x00000000       0x31 c:/program files (x86)/atmel/atmel toolchain/avr32 gcc/native/3.4.1057/avr32-gnu-toolchain/bin/../lib/gcc/avr32/4.4.7/../../../../avr32/lib/ucr2\libc.a(lib_a-mallocr.o)
 .comment       0x00000000       0x31 c:/program files (x86)/atmel/atmel toolchain/avr32 gcc/native/3.4.1057/avr32-gnu-toolchain/bin/../lib/gcc/avr32/4.4.7/../../../../avr32/lib/ucr2\libc.a(lib_a-mlock.o)
 .comment       0x00000000       0x31 c:/program files (x86)/atmel/atmel toolchain/avr32 gcc/native/3.4.1057/avr32-gnu-toolchain/bin/../lib/gcc/avr32/4.4.7/../../../../avr32/lib/ucr2\libc.a(lib_a-sbrkr.o)
 .comment       0x00000000       0x31 c:/program files (x86)/atmel/atmel toolchain/avr32 gcc/native/3.4.1057/avr32-gnu-toolchain/bin/../lib/gcc/avr32/4.4.7/../../../../avr32/lib/ucr2\libc.a(lib_a-syscalls.o)
 .comment       0x00000000       0x31 c:/program files (x86)/atmel/atmel toolchain/avr32 gcc/native/3.4.1057/avr32-gnu-toolchain/bin/../lib/gcc/avr32/4.4.7/../../../../avr32/lib/ucr2\libc.a(lib_a-errno.o)
 .comment       0x00000000       0x31 c:/program files (x86)/atmel/atmel toolchain/avr32 gcc/native/3.4.1057/avr32-gnu-toolchain/bin/../lib/gcc/avr32/4.4.7/../../../../avr32/lib/ucr2\libc.a(lib_a-findfp.o)
 .comment       0x00000000       0x31 c:/program files (x86)/atmel/atmel toolchain/avr32 gcc/native/3.4.1057/avr32-gnu-toolchain/bin/../lib/gcc/avr32/4.4.7/../../../../avr32/lib/ucr2\libc.a(lib_a-freer.o)
 .comment       0x00000000       0x31 c:/program files (x86)/atmel/atmel toolchain/avr32 gcc/native/3.4.1057/avr32-gnu-toolchain/bin/../lib/gcc/avr32/4.4.7/../../../../avr32/lib/ucr2\libc.a(lib_a-reent.o)

.debug
 *(.debug)

.line
 *(.line)

.debug_srcinfo
 *(.debug_srcinfo)

.debug_sfnames
 *(.debug_sfnames)

.debug_aranges  0x00000000      0xc40
 *(.debug_aranges)
 .debug_aranges
                0x00000000       0x20 src/ASF/avr32/boards/rz600/init.o
 .debug_aranges
                0x00000020       0x68 src/ASF/avr32/boards/rz600/led.o
 .debug_aranges
                0x00000088      0x218 src/ASF/avr32/drivers/flashc/flashc.o
 .debug_aranges
                0x000002a0      0x100 src/ASF/avr32/drivers/gpio/gpio.o
 .debug_aranges
                0x000003a0       0x20 src/ASF/avr32/drivers/intc/exception.o
 .debug_aranges
                0x000003c0       0x38 src/ASF/avr32/drivers/intc/intc.o
 .debug_aranges
                0x000003f8       0xa8 src/ASF/avr32/drivers/spi/spi.o
 .debug_aranges
                0x000004a0      0x128 src/ASF/avr32/drivers/usbb/usbb_device.o
 .debug_aranges
                0x000005c8       0x28 src/ASF/avr32/utils/startup/startup_uc3.o
 .debug_aranges
                0x000005f0       0x20 src/ASF/avr32/utils/startup/trampoline_uc3.o
 .debug_aranges
                0x00000610       0x48 src/ASF/common/components/wireless/at86rf212/at86rf212.o
 .debug_aranges
                0x00000658       0x70 src/ASF/common/components/wireless/at86rfx_driver.o
 .debug_aranges
                0x000006c8       0x50 src/ASF/common/services/clock/uc3a3_a4/sysclk.o
 .debug_aranges
                0x00000718       0x30 src/ASF/common/services/spi/uc3_spi/spi_master.o
 .debug_aranges
                0x00000748      0x170 src/ASF/common/services/usb/class/cdc/device/udi_cdc.o
 .debug_aranges
                0x000008b8       0x78 src/ASF/common/services/usb/udc/udc.o
 .debug_aranges
                0x00000930       0x48 src/main.o
 .debug_aranges
                0x00000978       0x20 c:/program files (x86)/atmel/atmel toolchain/avr32 gcc/native/3.4.1057/avr32-gnu-toolchain/bin/../lib/gcc/avr32/4.4.7/ucr2\libgcc.a(_udivdi3.o)
 .debug_aranges
                0x00000998       0x28 c:/program files (x86)/atmel/atmel toolchain/avr32 gcc/native/3.4.1057/avr32-gnu-toolchain/bin/../lib/gcc/avr32/4.4.7/../../../../avr32/lib/ucr2\libc.a(lib_a-rand.o)
 .debug_aranges
                0x000009c0       0x28 c:/program files (x86)/atmel/atmel toolchain/avr32 gcc/native/3.4.1057/avr32-gnu-toolchain/bin/../lib/gcc/avr32/4.4.7/../../../../avr32/lib/ucr2\libc.a(lib_a-malloc.o)
 .debug_aranges
                0x000009e8       0x20 c:/program files (x86)/atmel/atmel toolchain/avr32 gcc/native/3.4.1057/avr32-gnu-toolchain/bin/../lib/gcc/avr32/4.4.7/../../../../avr32/lib/ucr2\libc.a(lib_a-mallocr.o)
 .debug_aranges
                0x00000a08       0x28 c:/program files (x86)/atmel/atmel toolchain/avr32 gcc/native/3.4.1057/avr32-gnu-toolchain/bin/../lib/gcc/avr32/4.4.7/../../../../avr32/lib/ucr2\libc.a(lib_a-mlock.o)
 .debug_aranges
                0x00000a30       0x20 c:/program files (x86)/atmel/atmel toolchain/avr32 gcc/native/3.4.1057/avr32-gnu-toolchain/bin/../lib/gcc/avr32/4.4.7/../../../../avr32/lib/ucr2\libc.a(lib_a-sbrkr.o)
 .debug_aranges
                0x00000a50       0xf8 c:/program files (x86)/atmel/atmel toolchain/avr32 gcc/native/3.4.1057/avr32-gnu-toolchain/bin/../lib/gcc/avr32/4.4.7/../../../../avr32/lib/ucr2\libc.a(lib_a-syscalls.o)
 .debug_aranges
                0x00000b48       0x20 c:/program files (x86)/atmel/atmel toolchain/avr32 gcc/native/3.4.1057/avr32-gnu-toolchain/bin/../lib/gcc/avr32/4.4.7/../../../../avr32/lib/ucr2\libc.a(lib_a-errno.o)
 .debug_aranges
                0x00000b68       0x80 c:/program files (x86)/atmel/atmel toolchain/avr32 gcc/native/3.4.1057/avr32-gnu-toolchain/bin/../lib/gcc/avr32/4.4.7/../../../../avr32/lib/ucr2\libc.a(lib_a-findfp.o)
 .debug_aranges
                0x00000be8       0x28 c:/program files (x86)/atmel/atmel toolchain/avr32 gcc/native/3.4.1057/avr32-gnu-toolchain/bin/../lib/gcc/avr32/4.4.7/../../../../avr32/lib/ucr2\libc.a(lib_a-freer.o)
 .debug_aranges
                0x00000c10       0x30 c:/program files (x86)/atmel/atmel toolchain/avr32 gcc/native/3.4.1057/avr32-gnu-toolchain/bin/../lib/gcc/avr32/4.4.7/../../../../avr32/lib/ucr2\libc.a(lib_a-reent.o)

.debug_pubnames
                0x00000000     0x1caf
 *(.debug_pubnames)
 .debug_pubnames
                0x00000000       0x21 src/ASF/avr32/boards/rz600/init.o
 .debug_pubnames
                0x00000021       0xca src/ASF/avr32/boards/rz600/led.o
 .debug_pubnames
                0x000000eb      0x771 src/ASF/avr32/drivers/flashc/flashc.o
 .debug_pubnames
                0x0000085c      0x330 src/ASF/avr32/drivers/gpio/gpio.o
 .debug_pubnames
                0x00000b8c       0x62 src/ASF/avr32/drivers/intc/intc.o
 .debug_pubnames
                0x00000bee      0x178 src/ASF/avr32/drivers/spi/spi.o
 .debug_pubnames
                0x00000d66      0x221 src/ASF/avr32/drivers/usbb/usbb_device.o
 .debug_pubnames
                0x00000f87       0x5f src/ASF/common/components/wireless/at86rf212/at86rf212.o
 .debug_pubnames
                0x00000fe6      0x121 src/ASF/common/components/wireless/at86rfx_driver.o
 .debug_pubnames
                0x00001107       0xc7 src/ASF/common/services/clock/uc3a3_a4/sysclk.o
 .debug_pubnames
                0x000011ce       0x57 src/ASF/common/services/spi/uc3_spi/spi_master.o
 .debug_pubnames
                0x00001225      0x3ef src/ASF/common/services/usb/class/cdc/device/udi_cdc.o
 .debug_pubnames
                0x00001614       0x9a src/ASF/common/services/usb/class/cdc/device/udi_cdc_desc.o
 .debug_pubnames
                0x000016ae       0x7f src/ASF/common/services/usb/udc/udc.o
 .debug_pubnames
                0x0000172d       0x8f src/main.o
 .debug_pubnames
                0x000017bc       0x20 c:/program files (x86)/atmel/atmel toolchain/avr32 gcc/native/3.4.1057/avr32-gnu-toolchain/bin/../lib/gcc/avr32/4.4.7/ucr2\libgcc.a(_udivdi3.o)
 .debug_pubnames
                0x000017dc       0x25 c:/program files (x86)/atmel/atmel toolchain/avr32 gcc/native/3.4.1057/avr32-gnu-toolchain/bin/../lib/gcc/avr32/4.4.7/../../../../avr32/lib/ucr2\libc.a(lib_a-rand.o)
 .debug_pubnames
                0x00001801       0x39 c:/program files (x86)/atmel/atmel toolchain/avr32 gcc/native/3.4.1057/avr32-gnu-toolchain/bin/../lib/gcc/avr32/4.4.7/../../../../avr32/lib/ucr2\libc.a(lib_a-impure.o)
 .debug_pubnames
                0x0000183a       0x26 c:/program files (x86)/atmel/atmel toolchain/avr32 gcc/native/3.4.1057/avr32-gnu-toolchain/bin/../lib/gcc/avr32/4.4.7/../../../../avr32/lib/ucr2\libc.a(lib_a-malloc.o)
 .debug_pubnames
                0x00001860       0xce c:/program files (x86)/atmel/atmel toolchain/avr32 gcc/native/3.4.1057/avr32-gnu-toolchain/bin/../lib/gcc/avr32/4.4.7/../../../../avr32/lib/ucr2\libc.a(lib_a-mallocr.o)
 .debug_pubnames
                0x0000192e       0x38 c:/program files (x86)/atmel/atmel toolchain/avr32 gcc/native/3.4.1057/avr32-gnu-toolchain/bin/../lib/gcc/avr32/4.4.7/../../../../avr32/lib/ucr2\libc.a(lib_a-mlock.o)
 .debug_pubnames
                0x00001966       0x1e c:/program files (x86)/atmel/atmel toolchain/avr32 gcc/native/3.4.1057/avr32-gnu-toolchain/bin/../lib/gcc/avr32/4.4.7/../../../../avr32/lib/ucr2\libc.a(lib_a-sbrkr.o)
 .debug_pubnames
                0x00001984      0x171 c:/program files (x86)/atmel/atmel toolchain/avr32 gcc/native/3.4.1057/avr32-gnu-toolchain/bin/../lib/gcc/avr32/4.4.7/../../../../avr32/lib/ucr2\libc.a(lib_a-syscalls.o)
 .debug_pubnames
                0x00001af5       0x1e c:/program files (x86)/atmel/atmel toolchain/avr32 gcc/native/3.4.1057/avr32-gnu-toolchain/bin/../lib/gcc/avr32/4.4.7/../../../../avr32/lib/ucr2\libc.a(lib_a-errno.o)
 .debug_pubnames
                0x00001b13      0x119 c:/program files (x86)/atmel/atmel toolchain/avr32 gcc/native/3.4.1057/avr32-gnu-toolchain/bin/../lib/gcc/avr32/4.4.7/../../../../avr32/lib/ucr2\libc.a(lib_a-findfp.o)
 .debug_pubnames
                0x00001c2c       0x31 c:/program files (x86)/atmel/atmel toolchain/avr32 gcc/native/3.4.1057/avr32-gnu-toolchain/bin/../lib/gcc/avr32/4.4.7/../../../../avr32/lib/ucr2\libc.a(lib_a-freer.o)
 .debug_pubnames
                0x00001c5d       0x52 c:/program files (x86)/atmel/atmel toolchain/avr32 gcc/native/3.4.1057/avr32-gnu-toolchain/bin/../lib/gcc/avr32/4.4.7/../../../../avr32/lib/ucr2\libc.a(lib_a-reent.o)

.debug_info     0x00000000    0x209a6
 *(.debug_info .gnu.linkonce.wi.*)
 .debug_info    0x00000000       0xfa src/ASF/avr32/boards/rz600/init.o
 .debug_info    0x000000fa      0x69d src/ASF/avr32/boards/rz600/led.o
 .debug_info    0x00000797     0x1c1a src/ASF/avr32/drivers/flashc/flashc.o
 .debug_info    0x000023b1      0xb1b src/ASF/avr32/drivers/gpio/gpio.o
 .debug_info    0x00002ecc       0xbe src/ASF/avr32/drivers/intc/exception.o
 .debug_info    0x00002f8a      0x69f src/ASF/avr32/drivers/intc/intc.o
 .debug_info    0x00003629     0x11e5 src/ASF/avr32/drivers/spi/spi.o
 .debug_info    0x0000480e     0xd667 src/ASF/avr32/drivers/usbb/usbb_device.o
 .debug_info    0x00011e75       0xbd src/ASF/avr32/utils/startup/startup_uc3.o
 .debug_info    0x00011f32       0xbb src/ASF/avr32/utils/startup/trampoline_uc3.o
 .debug_info    0x00011fed      0xd24 src/ASF/common/components/wireless/at86rf212/at86rf212.o
 .debug_info    0x00012d11     0x1327 src/ASF/common/components/wireless/at86rfx_driver.o
 .debug_info    0x00014038     0x18d1 src/ASF/common/services/clock/uc3a3_a4/sysclk.o
 .debug_info    0x00015909     0x12e7 src/ASF/common/services/spi/uc3_spi/spi_master.o
 .debug_info    0x00016bf0     0x1228 src/ASF/common/services/usb/class/cdc/device/udi_cdc.o
 .debug_info    0x00017e18      0x8d9 src/ASF/common/services/usb/class/cdc/device/udi_cdc_desc.o
 .debug_info    0x000186f1      0xebe src/ASF/common/services/usb/udc/udc.o
 .debug_info    0x000195af      0x263 src/main.o
 .debug_info    0x00019812      0x57b c:/program files (x86)/atmel/atmel toolchain/avr32 gcc/native/3.4.1057/avr32-gnu-toolchain/bin/../lib/gcc/avr32/4.4.7/ucr2\libgcc.a(_udivdi3.o)
 .debug_info    0x00019d8d      0x91a c:/program files (x86)/atmel/atmel toolchain/avr32 gcc/native/3.4.1057/avr32-gnu-toolchain/bin/../lib/gcc/avr32/4.4.7/../../../../avr32/lib/ucr2\libc.a(lib_a-rand.o)
 .debug_info    0x0001a6a7      0x960 c:/program files (x86)/atmel/atmel toolchain/avr32 gcc/native/3.4.1057/avr32-gnu-toolchain/bin/../lib/gcc/avr32/4.4.7/../../../../avr32/lib/ucr2\libc.a(lib_a-impure.o)
 .debug_info    0x0001b007      0x8ea c:/program files (x86)/atmel/atmel toolchain/avr32 gcc/native/3.4.1057/avr32-gnu-toolchain/bin/../lib/gcc/avr32/4.4.7/../../../../avr32/lib/ucr2\libc.a(lib_a-malloc.o)
 .debug_info    0x0001b8f1      0xc4e c:/program files (x86)/atmel/atmel toolchain/avr32 gcc/native/3.4.1057/avr32-gnu-toolchain/bin/../lib/gcc/avr32/4.4.7/../../../../avr32/lib/ucr2\libc.a(lib_a-mallocr.o)
 .debug_info    0x0001c53f      0x8cf c:/program files (x86)/atmel/atmel toolchain/avr32 gcc/native/3.4.1057/avr32-gnu-toolchain/bin/../lib/gcc/avr32/4.4.7/../../../../avr32/lib/ucr2\libc.a(lib_a-mlock.o)
 .debug_info    0x0001ce0e      0x8de c:/program files (x86)/atmel/atmel toolchain/avr32 gcc/native/3.4.1057/avr32-gnu-toolchain/bin/../lib/gcc/avr32/4.4.7/../../../../avr32/lib/ucr2\libc.a(lib_a-sbrkr.o)
 .debug_info    0x0001d6ec      0x93a c:/program files (x86)/atmel/atmel toolchain/avr32 gcc/native/3.4.1057/avr32-gnu-toolchain/bin/../lib/gcc/avr32/4.4.7/../../../../avr32/lib/ucr2\libc.a(lib_a-syscalls.o)
 .debug_info    0x0001e026      0x8a6 c:/program files (x86)/atmel/atmel toolchain/avr32 gcc/native/3.4.1057/avr32-gnu-toolchain/bin/../lib/gcc/avr32/4.4.7/../../../../avr32/lib/ucr2\libc.a(lib_a-errno.o)
 .debug_info    0x0001e8cc      0xc2a c:/program files (x86)/atmel/atmel toolchain/avr32 gcc/native/3.4.1057/avr32-gnu-toolchain/bin/../lib/gcc/avr32/4.4.7/../../../../avr32/lib/ucr2\libc.a(lib_a-findfp.o)
 .debug_info    0x0001f4f6      0xb3d c:/program files (x86)/atmel/atmel toolchain/avr32 gcc/native/3.4.1057/avr32-gnu-toolchain/bin/../lib/gcc/avr32/4.4.7/../../../../avr32/lib/ucr2\libc.a(lib_a-freer.o)
 .debug_info    0x00020033      0x973 c:/program files (x86)/atmel/atmel toolchain/avr32 gcc/native/3.4.1057/avr32-gnu-toolchain/bin/../lib/gcc/avr32/4.4.7/../../../../avr32/lib/ucr2\libc.a(lib_a-reent.o)

.debug_abbrev   0x00000000     0x37de
 *(.debug_abbrev)
 .debug_abbrev  0x00000000       0xa5 src/ASF/avr32/boards/rz600/init.o
 .debug_abbrev  0x000000a5      0x1ae src/ASF/avr32/boards/rz600/led.o
 .debug_abbrev  0x00000253      0x326 src/ASF/avr32/drivers/flashc/flashc.o
 .debug_abbrev  0x00000579      0x28b src/ASF/avr32/drivers/gpio/gpio.o
 .debug_abbrev  0x00000804       0x14 src/ASF/avr32/drivers/intc/exception.o
 .debug_abbrev  0x00000818      0x1f2 src/ASF/avr32/drivers/intc/intc.o
 .debug_abbrev  0x00000a0a      0x281 src/ASF/avr32/drivers/spi/spi.o
 .debug_abbrev  0x00000c8b      0x401 src/ASF/avr32/drivers/usbb/usbb_device.o
 .debug_abbrev  0x0000108c       0x12 src/ASF/avr32/utils/startup/startup_uc3.o
 .debug_abbrev  0x0000109e       0x14 src/ASF/avr32/utils/startup/trampoline_uc3.o
 .debug_abbrev  0x000010b2      0x2e4 src/ASF/common/components/wireless/at86rf212/at86rf212.o
 .debug_abbrev  0x00001396      0x2b0 src/ASF/common/components/wireless/at86rfx_driver.o
 .debug_abbrev  0x00001646      0x2d5 src/ASF/common/services/clock/uc3a3_a4/sysclk.o
 .debug_abbrev  0x0000191b      0x284 src/ASF/common/services/spi/uc3_spi/spi_master.o
 .debug_abbrev  0x00001b9f      0x338 src/ASF/common/services/usb/class/cdc/device/udi_cdc.o
 .debug_abbrev  0x00001ed7      0x10a src/ASF/common/services/usb/class/cdc/device/udi_cdc_desc.o
 .debug_abbrev  0x00001fe1      0x2ac src/ASF/common/services/usb/udc/udc.o
 .debug_abbrev  0x0000228d      0x158 src/main.o
 .debug_abbrev  0x000023e5      0x15a c:/program files (x86)/atmel/atmel toolchain/avr32 gcc/native/3.4.1057/avr32-gnu-toolchain/bin/../lib/gcc/avr32/4.4.7/ucr2\libgcc.a(_udivdi3.o)
 .debug_abbrev  0x0000253f      0x1b3 c:/program files (x86)/atmel/atmel toolchain/avr32 gcc/native/3.4.1057/avr32-gnu-toolchain/bin/../lib/gcc/avr32/4.4.7/../../../../avr32/lib/ucr2\libc.a(lib_a-rand.o)
 .debug_abbrev  0x000026f2      0x160 c:/program files (x86)/atmel/atmel toolchain/avr32 gcc/native/3.4.1057/avr32-gnu-toolchain/bin/../lib/gcc/avr32/4.4.7/../../../../avr32/lib/ucr2\libc.a(lib_a-impure.o)
 .debug_abbrev  0x00002852      0x178 c:/program files (x86)/atmel/atmel toolchain/avr32 gcc/native/3.4.1057/avr32-gnu-toolchain/bin/../lib/gcc/avr32/4.4.7/../../../../avr32/lib/ucr2\libc.a(lib_a-malloc.o)
 .debug_abbrev  0x000029ca      0x205 c:/program files (x86)/atmel/atmel toolchain/avr32 gcc/native/3.4.1057/avr32-gnu-toolchain/bin/../lib/gcc/avr32/4.4.7/../../../../avr32/lib/ucr2\libc.a(lib_a-mallocr.o)
 .debug_abbrev  0x00002bcf      0x15b c:/program files (x86)/atmel/atmel toolchain/avr32 gcc/native/3.4.1057/avr32-gnu-toolchain/bin/../lib/gcc/avr32/4.4.7/../../../../avr32/lib/ucr2\libc.a(lib_a-mlock.o)
 .debug_abbrev  0x00002d2a      0x17f c:/program files (x86)/atmel/atmel toolchain/avr32 gcc/native/3.4.1057/avr32-gnu-toolchain/bin/../lib/gcc/avr32/4.4.7/../../../../avr32/lib/ucr2\libc.a(lib_a-sbrkr.o)
 .debug_abbrev  0x00002ea9      0x19a c:/program files (x86)/atmel/atmel toolchain/avr32 gcc/native/3.4.1057/avr32-gnu-toolchain/bin/../lib/gcc/avr32/4.4.7/../../../../avr32/lib/ucr2\libc.a(lib_a-syscalls.o)
 .debug_abbrev  0x00003043      0x150 c:/program files (x86)/atmel/atmel toolchain/avr32 gcc/native/3.4.1057/avr32-gnu-toolchain/bin/../lib/gcc/avr32/4.4.7/../../../../avr32/lib/ucr2\libc.a(lib_a-errno.o)
 .debug_abbrev  0x00003193      0x28c c:/program files (x86)/atmel/atmel toolchain/avr32 gcc/native/3.4.1057/avr32-gnu-toolchain/bin/../lib/gcc/avr32/4.4.7/../../../../avr32/lib/ucr2\libc.a(lib_a-findfp.o)
 .debug_abbrev  0x0000341f      0x1d9 c:/program files (x86)/atmel/atmel toolchain/avr32 gcc/native/3.4.1057/avr32-gnu-toolchain/bin/../lib/gcc/avr32/4.4.7/../../../../avr32/lib/ucr2\libc.a(lib_a-freer.o)
 .debug_abbrev  0x000035f8      0x1e6 c:/program files (x86)/atmel/atmel toolchain/avr32 gcc/native/3.4.1057/avr32-gnu-toolchain/bin/../lib/gcc/avr32/4.4.7/../../../../avr32/lib/ucr2\libc.a(lib_a-reent.o)

.debug_line     0x00000000     0xc374
 *(.debug_line)
 .debug_line    0x00000000      0x8e5 src/ASF/avr32/boards/rz600/init.o
 .debug_line    0x000008e5      0x830 src/ASF/avr32/boards/rz600/led.o
 .debug_line    0x00001115      0xc9a src/ASF/avr32/drivers/flashc/flashc.o
 .debug_line    0x00001daf      0x986 src/ASF/avr32/drivers/gpio/gpio.o
 .debug_line    0x00002735      0x109 src/ASF/avr32/drivers/intc/exception.o
 .debug_line    0x0000283e      0x753 src/ASF/avr32/drivers/intc/intc.o
 .debug_line    0x00002f91      0x890 src/ASF/avr32/drivers/spi/spi.o
 .debug_line    0x00003821     0x1026 src/ASF/avr32/drivers/usbb/usbb_device.o
 .debug_line    0x00004847       0xf2 src/ASF/avr32/utils/startup/startup_uc3.o
 .debug_line    0x00004939       0x67 src/ASF/avr32/utils/startup/trampoline_uc3.o
 .debug_line    0x000049a0      0xb23 src/ASF/common/components/wireless/at86rf212/at86rf212.o
 .debug_line    0x000054c3      0xaee src/ASF/common/components/wireless/at86rfx_driver.o
 .debug_line    0x00005fb1      0xa89 src/ASF/common/services/clock/uc3a3_a4/sysclk.o
 .debug_line    0x00006a3a      0xa2e src/ASF/common/services/spi/uc3_spi/spi_master.o
 .debug_line    0x00007468      0xd1b src/ASF/common/services/usb/class/cdc/device/udi_cdc.o
 .debug_line    0x00008183      0x827 src/ASF/common/services/usb/class/cdc/device/udi_cdc_desc.o
 .debug_line    0x000089aa      0xa1c src/ASF/common/services/usb/udc/udc.o
 .debug_line    0x000093c6      0xadb src/main.o
 .debug_line    0x00009ea1      0x1d1 c:/program files (x86)/atmel/atmel toolchain/avr32 gcc/native/3.4.1057/avr32-gnu-toolchain/bin/../lib/gcc/avr32/4.4.7/ucr2\libgcc.a(_udivdi3.o)
 .debug_line    0x0000a072      0x268 c:/program files (x86)/atmel/atmel toolchain/avr32 gcc/native/3.4.1057/avr32-gnu-toolchain/bin/../lib/gcc/avr32/4.4.7/../../../../avr32/lib/ucr2\libc.a(lib_a-rand.o)
 .debug_line    0x0000a2da      0x1a3 c:/program files (x86)/atmel/atmel toolchain/avr32 gcc/native/3.4.1057/avr32-gnu-toolchain/bin/../lib/gcc/avr32/4.4.7/../../../../avr32/lib/ucr2\libc.a(lib_a-impure.o)
 .debug_line    0x0000a47d      0x24c c:/program files (x86)/atmel/atmel toolchain/avr32 gcc/native/3.4.1057/avr32-gnu-toolchain/bin/../lib/gcc/avr32/4.4.7/../../../../avr32/lib/ucr2\libc.a(lib_a-malloc.o)
 .debug_line    0x0000a6c9      0x56c c:/program files (x86)/atmel/atmel toolchain/avr32 gcc/native/3.4.1057/avr32-gnu-toolchain/bin/../lib/gcc/avr32/4.4.7/../../../../avr32/lib/ucr2\libc.a(lib_a-mallocr.o)
 .debug_line    0x0000ac35      0x1cf c:/program files (x86)/atmel/atmel toolchain/avr32 gcc/native/3.4.1057/avr32-gnu-toolchain/bin/../lib/gcc/avr32/4.4.7/../../../../avr32/lib/ucr2\libc.a(lib_a-mlock.o)
 .debug_line    0x0000ae04      0x24f c:/program files (x86)/atmel/atmel toolchain/avr32 gcc/native/3.4.1057/avr32-gnu-toolchain/bin/../lib/gcc/avr32/4.4.7/../../../../avr32/lib/ucr2\libc.a(lib_a-sbrkr.o)
 .debug_line    0x0000b053      0x586 c:/program files (x86)/atmel/atmel toolchain/avr32 gcc/native/3.4.1057/avr32-gnu-toolchain/bin/../lib/gcc/avr32/4.4.7/../../../../avr32/lib/ucr2\libc.a(lib_a-syscalls.o)
 .debug_line    0x0000b5d9      0x1c9 c:/program files (x86)/atmel/atmel toolchain/avr32 gcc/native/3.4.1057/avr32-gnu-toolchain/bin/../lib/gcc/avr32/4.4.7/../../../../avr32/lib/ucr2\libc.a(lib_a-errno.o)
 .debug_line    0x0000b7a2      0x5a4 c:/program files (x86)/atmel/atmel toolchain/avr32 gcc/native/3.4.1057/avr32-gnu-toolchain/bin/../lib/gcc/avr32/4.4.7/../../../../avr32/lib/ucr2\libc.a(lib_a-findfp.o)
 .debug_line    0x0000bd46      0x347 c:/program files (x86)/atmel/atmel toolchain/avr32 gcc/native/3.4.1057/avr32-gnu-toolchain/bin/../lib/gcc/avr32/4.4.7/../../../../avr32/lib/ucr2\libc.a(lib_a-freer.o)
 .debug_line    0x0000c08d      0x2e7 c:/program files (x86)/atmel/atmel toolchain/avr32 gcc/native/3.4.1057/avr32-gnu-toolchain/bin/../lib/gcc/avr32/4.4.7/../../../../avr32/lib/ucr2\libc.a(lib_a-reent.o)

.debug_frame    0x00000000     0x1dc0
 *(.debug_frame)
 .debug_frame   0x00000000       0x28 src/ASF/avr32/boards/rz600/init.o
 .debug_frame   0x00000028       0xc8 src/ASF/avr32/boards/rz600/led.o
 .debug_frame   0x000000f0      0x6a4 src/ASF/avr32/drivers/flashc/flashc.o
 .debug_frame   0x00000794      0x204 src/ASF/avr32/drivers/gpio/gpio.o
 .debug_frame   0x00000998       0x64 src/ASF/avr32/drivers/intc/intc.o
 .debug_frame   0x000009fc      0x158 src/ASF/avr32/drivers/spi/spi.o
 .debug_frame   0x00000b54      0x308 src/ASF/avr32/drivers/usbb/usbb_device.o
 .debug_frame   0x00000e5c       0xdc src/ASF/common/components/wireless/at86rf212/at86rf212.o
 .debug_frame   0x00000f38      0x164 src/ASF/common/components/wireless/at86rfx_driver.o
 .debug_frame   0x0000109c       0xb4 src/ASF/common/services/clock/uc3a3_a4/sysclk.o
 .debug_frame   0x00001150       0x64 src/ASF/common/services/spi/uc3_spi/spi_master.o
 .debug_frame   0x000011b4      0x450 src/ASF/common/services/usb/class/cdc/device/udi_cdc.o
 .debug_frame   0x00001604      0x14c src/ASF/common/services/usb/udc/udc.o
 .debug_frame   0x00001750       0x9c src/main.o
 .debug_frame   0x000017ec       0x44 c:/program files (x86)/atmel/atmel toolchain/avr32 gcc/native/3.4.1057/avr32-gnu-toolchain/bin/../lib/gcc/avr32/4.4.7/ucr2\libgcc.a(_udivdi3.o)
 .debug_frame   0x00001830       0x58 c:/program files (x86)/atmel/atmel toolchain/avr32 gcc/native/3.4.1057/avr32-gnu-toolchain/bin/../lib/gcc/avr32/4.4.7/../../../../avr32/lib/ucr2\libc.a(lib_a-rand.o)
 .debug_frame   0x00001888       0x40 c:/program files (x86)/atmel/atmel toolchain/avr32 gcc/native/3.4.1057/avr32-gnu-toolchain/bin/../lib/gcc/avr32/4.4.7/../../../../avr32/lib/ucr2\libc.a(lib_a-malloc.o)
 .debug_frame   0x000018c8       0x40 c:/program files (x86)/atmel/atmel toolchain/avr32 gcc/native/3.4.1057/avr32-gnu-toolchain/bin/../lib/gcc/avr32/4.4.7/../../../../avr32/lib/ucr2\libc.a(lib_a-mallocr.o)
 .debug_frame   0x00001908       0x30 c:/program files (x86)/atmel/atmel toolchain/avr32 gcc/native/3.4.1057/avr32-gnu-toolchain/bin/../lib/gcc/avr32/4.4.7/../../../../avr32/lib/ucr2\libc.a(lib_a-mlock.o)
 .debug_frame   0x00001938       0x34 c:/program files (x86)/atmel/atmel toolchain/avr32 gcc/native/3.4.1057/avr32-gnu-toolchain/bin/../lib/gcc/avr32/4.4.7/../../../../avr32/lib/ucr2\libc.a(lib_a-sbrkr.o)
 .debug_frame   0x0000196c      0x220 c:/program files (x86)/atmel/atmel toolchain/avr32 gcc/native/3.4.1057/avr32-gnu-toolchain/bin/../lib/gcc/avr32/4.4.7/../../../../avr32/lib/ucr2\libc.a(lib_a-syscalls.o)
 .debug_frame   0x00001b8c       0x20 c:/program files (x86)/atmel/atmel toolchain/avr32 gcc/native/3.4.1057/avr32-gnu-toolchain/bin/../lib/gcc/avr32/4.4.7/../../../../avr32/lib/ucr2\libc.a(lib_a-errno.o)
 .debug_frame   0x00001bac      0x13c c:/program files (x86)/atmel/atmel toolchain/avr32 gcc/native/3.4.1057/avr32-gnu-toolchain/bin/../lib/gcc/avr32/4.4.7/../../../../avr32/lib/ucr2\libc.a(lib_a-findfp.o)
 .debug_frame   0x00001ce8       0x58 c:/program files (x86)/atmel/atmel toolchain/avr32 gcc/native/3.4.1057/avr32-gnu-toolchain/bin/../lib/gcc/avr32/4.4.7/../../../../avr32/lib/ucr2\libc.a(lib_a-freer.o)
 .debug_frame   0x00001d40       0x80 c:/program files (x86)/atmel/atmel toolchain/avr32 gcc/native/3.4.1057/avr32-gnu-toolchain/bin/../lib/gcc/avr32/4.4.7/../../../../avr32/lib/ucr2\libc.a(lib_a-reent.o)

.debug_str      0x00000000     0x8578
 *(.debug_str)
 .debug_str     0x00000000      0x125 src/ASF/avr32/boards/rz600/init.o
                                0x16b (size before relaxing)
 .debug_str     0x00000125      0x224 src/ASF/avr32/boards/rz600/led.o
                                0x356 (size before relaxing)
 .debug_str     0x00000349      0xa8e src/ASF/avr32/drivers/flashc/flashc.o
                                0xc73 (size before relaxing)
 .debug_str     0x00000dd7      0x2f4 src/ASF/avr32/drivers/gpio/gpio.o
                                0x55a (size before relaxing)
 .debug_str     0x000010cb      0x48b src/ASF/avr32/drivers/intc/intc.o
                                0x5bc (size before relaxing)
 .debug_str     0x00001556      0x4b3 src/ASF/avr32/drivers/spi/spi.o
                                0x60b (size before relaxing)
 .debug_str     0x00001a09     0x38b9 src/ASF/avr32/drivers/usbb/usbb_device.o
                               0x3c39 (size before relaxing)
 .debug_str     0x000052c2      0x61a src/ASF/common/components/wireless/at86rf212/at86rf212.o
                                0x7a5 (size before relaxing)
 .debug_str     0x000058dc      0x28c src/ASF/common/components/wireless/at86rfx_driver.o
                                0x78a (size before relaxing)
 .debug_str     0x00005b68      0x2f4 src/ASF/common/services/clock/uc3a3_a4/sysclk.o
                                0x86f (size before relaxing)
 .debug_str     0x00005e5c      0x2cf src/ASF/common/services/spi/uc3_spi/spi_master.o
                                0x6ee (size before relaxing)
 .debug_str     0x0000612b      0x811 src/ASF/common/services/usb/class/cdc/device/udi_cdc.o
                                0xaba (size before relaxing)
 .debug_str     0x0000693c      0x543 src/ASF/common/services/usb/class/cdc/device/udi_cdc_desc.o
                                0x75a (size before relaxing)
 .debug_str     0x00006e7f      0x705 src/ASF/common/services/usb/udc/udc.o
                                0xc7f (size before relaxing)
 .debug_str     0x00007584      0x104 src/main.o
                                0x28d (size before relaxing)
 .debug_str     0x00007688      0x144 c:/program files (x86)/atmel/atmel toolchain/avr32 gcc/native/3.4.1057/avr32-gnu-toolchain/bin/../lib/gcc/avr32/4.4.7/ucr2\libgcc.a(_udivdi3.o)
                                0x1f9 (size before relaxing)
 .debug_str     0x000077cc      0x38b c:/program files (x86)/atmel/atmel toolchain/avr32 gcc/native/3.4.1057/avr32-gnu-toolchain/bin/../lib/gcc/avr32/4.4.7/../../../../avr32/lib/ucr2\libc.a(lib_a-rand.o)
                                0x4af (size before relaxing)
 .debug_str     0x00007b57       0xc7 c:/program files (x86)/atmel/atmel toolchain/avr32 gcc/native/3.4.1057/avr32-gnu-toolchain/bin/../lib/gcc/avr32/4.4.7/../../../../avr32/lib/ucr2\libc.a(lib_a-impure.o)
                                0x4fe (size before relaxing)
 .debug_str     0x00007c1e       0x76 c:/program files (x86)/atmel/atmel toolchain/avr32 gcc/native/3.4.1057/avr32-gnu-toolchain/bin/../lib/gcc/avr32/4.4.7/../../../../avr32/lib/ucr2\libc.a(lib_a-malloc.o)
                                0x4c0 (size before relaxing)
 .debug_str     0x00007c94      0x237 c:/program files (x86)/atmel/atmel toolchain/avr32 gcc/native/3.4.1057/avr32-gnu-toolchain/bin/../lib/gcc/avr32/4.4.7/../../../../avr32/lib/ucr2\libc.a(lib_a-mallocr.o)
                                0x695 (size before relaxing)
 .debug_str     0x00007ecb       0x9c c:/program files (x86)/atmel/atmel toolchain/avr32 gcc/native/3.4.1057/avr32-gnu-toolchain/bin/../lib/gcc/avr32/4.4.7/../../../../avr32/lib/ucr2\libc.a(lib_a-mlock.o)
                                0x4c7 (size before relaxing)
 .debug_str     0x00007f67       0x7f c:/program files (x86)/atmel/atmel toolchain/avr32 gcc/native/3.4.1057/avr32-gnu-toolchain/bin/../lib/gcc/avr32/4.4.7/../../../../avr32/lib/ucr2\libc.a(lib_a-sbrkr.o)
                                0x4b0 (size before relaxing)
 .debug_str     0x00007fe6      0x313 c:/program files (x86)/atmel/atmel toolchain/avr32 gcc/native/3.4.1057/avr32-gnu-toolchain/bin/../lib/gcc/avr32/4.4.7/../../../../avr32/lib/ucr2\libc.a(lib_a-syscalls.o)
                                0x439 (size before relaxing)
 .debug_str     0x000082f9       0x70 c:/program files (x86)/atmel/atmel toolchain/avr32 gcc/native/3.4.1057/avr32-gnu-toolchain/bin/../lib/gcc/avr32/4.4.7/../../../../avr32/lib/ucr2\libc.a(lib_a-errno.o)
                                0x4a7 (size before relaxing)
 .debug_str     0x00008369      0x131 c:/program files (x86)/atmel/atmel toolchain/avr32 gcc/native/3.4.1057/avr32-gnu-toolchain/bin/../lib/gcc/avr32/4.4.7/../../../../avr32/lib/ucr2\libc.a(lib_a-findfp.o)
                                0x5d8 (size before relaxing)
 .debug_str     0x0000849a       0x3c c:/program files (x86)/atmel/atmel toolchain/avr32 gcc/native/3.4.1057/avr32-gnu-toolchain/bin/../lib/gcc/avr32/4.4.7/../../../../avr32/lib/ucr2\libc.a(lib_a-freer.o)
                                0x5e7 (size before relaxing)
 .debug_str     0x000084d6       0xa2 c:/program files (x86)/atmel/atmel toolchain/avr32 gcc/native/3.4.1057/avr32-gnu-toolchain/bin/../lib/gcc/avr32/4.4.7/../../../../avr32/lib/ucr2\libc.a(lib_a-reent.o)
                                0x4e4 (size before relaxing)

.debug_loc      0x00000000     0x53aa
 *(.debug_loc)
 .debug_loc     0x00000000       0x1f src/ASF/avr32/boards/rz600/init.o
 .debug_loc     0x0000001f      0x10b src/ASF/avr32/boards/rz600/led.o
 .debug_loc     0x0000012a     0x10b0 src/ASF/avr32/drivers/flashc/flashc.o
 .debug_loc     0x000011da      0x368 src/ASF/avr32/drivers/gpio/gpio.o
 .debug_loc     0x00001542       0xd3 src/ASF/avr32/drivers/intc/intc.o
 .debug_loc     0x00001615      0x3bd src/ASF/avr32/drivers/spi/spi.o
 .debug_loc     0x000019d2      0x966 src/ASF/avr32/drivers/usbb/usbb_device.o
 .debug_loc     0x00002338      0x36b src/ASF/common/components/wireless/at86rf212/at86rf212.o
 .debug_loc     0x000026a3      0x355 src/ASF/common/components/wireless/at86rfx_driver.o
 .debug_loc     0x000029f8      0x14c src/ASF/common/services/clock/uc3a3_a4/sysclk.o
 .debug_loc     0x00002b44      0x215 src/ASF/common/services/spi/uc3_spi/spi_master.o
 .debug_loc     0x00002d59      0xa2c src/ASF/common/services/usb/class/cdc/device/udi_cdc.o
 .debug_loc     0x00003785      0x4bf src/ASF/common/services/usb/udc/udc.o
 .debug_loc     0x00003c44       0x99 src/main.o
 .debug_loc     0x00003cdd      0x75d c:/program files (x86)/atmel/atmel toolchain/avr32 gcc/native/3.4.1057/avr32-gnu-toolchain/bin/../lib/gcc/avr32/4.4.7/ucr2\libgcc.a(_udivdi3.o)
 .debug_loc     0x0000443a       0x6f c:/program files (x86)/atmel/atmel toolchain/avr32 gcc/native/3.4.1057/avr32-gnu-toolchain/bin/../lib/gcc/avr32/4.4.7/../../../../avr32/lib/ucr2\libc.a(lib_a-rand.o)
 .debug_loc     0x000044a9       0x64 c:/program files (x86)/atmel/atmel toolchain/avr32 gcc/native/3.4.1057/avr32-gnu-toolchain/bin/../lib/gcc/avr32/4.4.7/../../../../avr32/lib/ucr2\libc.a(lib_a-malloc.o)
 .debug_loc     0x0000450d      0x59a c:/program files (x86)/atmel/atmel toolchain/avr32 gcc/native/3.4.1057/avr32-gnu-toolchain/bin/../lib/gcc/avr32/4.4.7/../../../../avr32/lib/ucr2\libc.a(lib_a-mallocr.o)
 .debug_loc     0x00004aa7       0x63 c:/program files (x86)/atmel/atmel toolchain/avr32 gcc/native/3.4.1057/avr32-gnu-toolchain/bin/../lib/gcc/avr32/4.4.7/../../../../avr32/lib/ucr2\libc.a(lib_a-sbrkr.o)
 .debug_loc     0x00004b0a      0x268 c:/program files (x86)/atmel/atmel toolchain/avr32 gcc/native/3.4.1057/avr32-gnu-toolchain/bin/../lib/gcc/avr32/4.4.7/../../../../avr32/lib/ucr2\libc.a(lib_a-syscalls.o)
 .debug_loc     0x00004d72      0x202 c:/program files (x86)/atmel/atmel toolchain/avr32 gcc/native/3.4.1057/avr32-gnu-toolchain/bin/../lib/gcc/avr32/4.4.7/../../../../avr32/lib/ucr2\libc.a(lib_a-findfp.o)
 .debug_loc     0x00004f74      0x32c c:/program files (x86)/atmel/atmel toolchain/avr32 gcc/native/3.4.1057/avr32-gnu-toolchain/bin/../lib/gcc/avr32/4.4.7/../../../../avr32/lib/ucr2\libc.a(lib_a-freer.o)
 .debug_loc     0x000052a0      0x10a c:/program files (x86)/atmel/atmel toolchain/avr32 gcc/native/3.4.1057/avr32-gnu-toolchain/bin/../lib/gcc/avr32/4.4.7/../../../../avr32/lib/ucr2\libc.a(lib_a-reent.o)

.debug_macinfo  0x00000000  0x10d4a16
 *(.debug_macinfo)
 .debug_macinfo
                0x00000000   0x11fe9a src/ASF/avr32/boards/rz600/init.o
 .debug_macinfo
                0x0011fe9a   0x11c34d src/ASF/avr32/boards/rz600/led.o
 .debug_macinfo
                0x0023c1e7   0x11baa5 src/ASF/avr32/drivers/flashc/flashc.o
 .debug_macinfo
                0x00357c8c   0x11bb83 src/ASF/avr32/drivers/gpio/gpio.o
 .debug_macinfo
                0x0047380f   0x11bc30 src/ASF/avr32/drivers/intc/intc.o
 .debug_macinfo
                0x0058f43f   0x11b9d1 src/ASF/avr32/drivers/spi/spi.o
 .debug_macinfo
                0x006aae10   0x1280f6 src/ASF/avr32/drivers/usbb/usbb_device.o
 .debug_macinfo
                0x007d2f06   0x1202b3 src/ASF/common/components/wireless/at86rf212/at86rf212.o
 .debug_macinfo
                0x008f31b9   0x120452 src/ASF/common/components/wireless/at86rfx_driver.o
 .debug_macinfo
                0x00a1360b   0x12016e src/ASF/common/services/clock/uc3a3_a4/sysclk.o
 .debug_macinfo
                0x00b33779   0x11ffe4 src/ASF/common/services/spi/uc3_spi/spi_master.o
 .debug_macinfo
                0x00c5375d   0x11fbac src/ASF/common/services/usb/class/cdc/device/udi_cdc.o
 .debug_macinfo
                0x00d73309   0x11f656 src/ASF/common/services/usb/class/cdc/device/udi_cdc_desc.o
 .debug_macinfo
                0x00e9295f   0x11e17f src/ASF/common/services/usb/udc/udc.o
 .debug_macinfo
                0x00fb0ade   0x123f38 src/main.o

.debug_weaknames
 *(.debug_weaknames)

.debug_funcnames
 *(.debug_funcnames)

.debug_typenames
 *(.debug_typenames)

.debug_varnames
 *(.debug_varnames)

.stack          0x0000f000     0x1000
                0x0000f000                _stack = .
 *(.stack)
                0x00001000                . = __stack_size__
 *fill*         0x0000f000     0x1000 
                0x00010000                _estack = .
                0xff000000                . = ORIGIN (HRAM0)

.data_hram0     0xff000000        0x0 load address 0x80006c08
                0xff000000                PROVIDE (_data_hram0, .)
 *(.data_hram0)
                0xff000000                . = ALIGN (0x8)
                0xff000000                PROVIDE (_edata_hram0, .)
                0x80006c08                PROVIDE (_data_hram0_lma, ABSOLUTE (LOADADDR (.data_hram0)))
                0xff000000                . = ALIGN (0x8)

.bss_hram0      0xff000000        0x0
                0xff000000                PROVIDE (__bss_hram0_start, .)
 *(.bss_hram0)
                0xff000000                PROVIDE (_bss_hram0_end, .)
                0xff008000                . = ORIGIN (HRAM1)

.data_hram1     0xff008000        0x0 load address 0x80006c08
                0xff008000                PROVIDE (_data_hram1, .)
 *(.data_hram1)
                0xff008000                . = ALIGN (0x8)
                0xff008000                PROVIDE (_edata_hram1, .)
                0x80006c08                PROVIDE (_data_hram1_lma, ABSOLUTE (LOADADDR (.data_hram1)))
                0xff008000                . = ALIGN (0x8)

.bss_hram1      0xff008000        0x0
                0xff008000                PROVIDE (__bss_hram1_start, .)
 *(.bss_hram1)
                0xff008000                PROVIDE (_bss_hram1_end, .)

.userpage
 *(.userpage .userpage.*)

/DISCARD/
 *(.note.GNU-stack)
OUTPUT(RZ600-UC3A-WIRELESS-UART1.elf elf32-avr32)

.debug_ranges   0x00000000      0xea0
 .debug_ranges  0x00000000       0x18 src/ASF/avr32/boards/rz600/init.o
 .debug_ranges  0x00000018       0x60 src/ASF/avr32/boards/rz600/led.o
 .debug_ranges  0x00000078      0x210 src/ASF/avr32/drivers/flashc/flashc.o
 .debug_ranges  0x00000288       0xf8 src/ASF/avr32/drivers/gpio/gpio.o
 .debug_ranges  0x00000380       0x48 src/ASF/avr32/drivers/intc/intc.o
 .debug_ranges  0x000003c8       0xa0 src/ASF/avr32/drivers/spi/spi.o
 .debug_ranges  0x00000468      0x1e8 src/ASF/avr32/drivers/usbb/usbb_device.o
 .debug_ranges  0x00000650       0x20 src/ASF/avr32/utils/startup/startup_uc3.o
 .debug_ranges  0x00000670      0x178 src/ASF/common/components/wireless/at86rf212/at86rf212.o
 .debug_ranges  0x000007e8       0x68 src/ASF/common/components/wireless/at86rfx_driver.o
 .debug_ranges  0x00000850       0x48 src/ASF/common/services/clock/uc3a3_a4/sysclk.o
 .debug_ranges  0x00000898       0x58 src/ASF/common/services/spi/uc3_spi/spi_master.o
 .debug_ranges  0x000008f0      0x168 src/ASF/common/services/usb/class/cdc/device/udi_cdc.o
 .debug_ranges  0x00000a58       0x70 src/ASF/common/services/usb/udc/udc.o
 .debug_ranges  0x00000ac8       0x88 src/main.o
 .debug_ranges  0x00000b50       0x78 c:/program files (x86)/atmel/atmel toolchain/avr32 gcc/native/3.4.1057/avr32-gnu-toolchain/bin/../lib/gcc/avr32/4.4.7/ucr2\libgcc.a(_udivdi3.o)
 .debug_ranges  0x00000bc8       0x68 c:/program files (x86)/atmel/atmel toolchain/avr32 gcc/native/3.4.1057/avr32-gnu-toolchain/bin/../lib/gcc/avr32/4.4.7/../../../../avr32/lib/ucr2\libc.a(lib_a-rand.o)
 .debug_ranges  0x00000c30       0x20 c:/program files (x86)/atmel/atmel toolchain/avr32 gcc/native/3.4.1057/avr32-gnu-toolchain/bin/../lib/gcc/avr32/4.4.7/../../../../avr32/lib/ucr2\libc.a(lib_a-malloc.o)
 .debug_ranges  0x00000c50       0x18 c:/program files (x86)/atmel/atmel toolchain/avr32 gcc/native/3.4.1057/avr32-gnu-toolchain/bin/../lib/gcc/avr32/4.4.7/../../../../avr32/lib/ucr2\libc.a(lib_a-mallocr.o)
 .debug_ranges  0x00000c68       0x20 c:/program files (x86)/atmel/atmel toolchain/avr32 gcc/native/3.4.1057/avr32-gnu-toolchain/bin/../lib/gcc/avr32/4.4.7/../../../../avr32/lib/ucr2\libc.a(lib_a-mlock.o)
 .debug_ranges  0x00000c88       0x18 c:/program files (x86)/atmel/atmel toolchain/avr32 gcc/native/3.4.1057/avr32-gnu-toolchain/bin/../lib/gcc/avr32/4.4.7/../../../../avr32/lib/ucr2\libc.a(lib_a-sbrkr.o)
 .debug_ranges  0x00000ca0       0xf0 c:/program files (x86)/atmel/atmel toolchain/avr32 gcc/native/3.4.1057/avr32-gnu-toolchain/bin/../lib/gcc/avr32/4.4.7/../../../../avr32/lib/ucr2\libc.a(lib_a-syscalls.o)
 .debug_ranges  0x00000d90       0x18 c:/program files (x86)/atmel/atmel toolchain/avr32 gcc/native/3.4.1057/avr32-gnu-toolchain/bin/../lib/gcc/avr32/4.4.7/../../../../avr32/lib/ucr2\libc.a(lib_a-errno.o)
 .debug_ranges  0x00000da8       0xb0 c:/program files (x86)/atmel/atmel toolchain/avr32 gcc/native/3.4.1057/avr32-gnu-toolchain/bin/../lib/gcc/avr32/4.4.7/../../../../avr32/lib/ucr2\libc.a(lib_a-findfp.o)
 .debug_ranges  0x00000e58       0x20 c:/program files (x86)/atmel/atmel toolchain/avr32 gcc/native/3.4.1057/avr32-gnu-toolchain/bin/../lib/gcc/avr32/4.4.7/../../../../avr32/lib/ucr2\libc.a(lib_a-freer.o)
 .debug_ranges  0x00000e78       0x28 c:/program files (x86)/atmel/atmel toolchain/avr32 gcc/native/3.4.1057/avr32-gnu-toolchain/bin/../lib/gcc/avr32/4.4.7/../../../../avr32/lib/ucr2\libc.a(lib_a-reent.o)
